Archive member included to satisfy reference by file (symbol)

d:/imt_sdk_win_64/winarm/armgcc/bin/../lib/gcc/arm-none-eabi/7.2.1/../../../../arm-none-eabi/lib/thumb/v7e-m\libm.a(lib_a-s_cos.o)
                              ./src/main.o (cos)
d:/imt_sdk_win_64/winarm/armgcc/bin/../lib/gcc/arm-none-eabi/7.2.1/../../../../arm-none-eabi/lib/thumb/v7e-m\libm.a(lib_a-s_sin.o)
                              ./src/main.o (sin)
d:/imt_sdk_win_64/winarm/armgcc/bin/../lib/gcc/arm-none-eabi/7.2.1/../../../../arm-none-eabi/lib/thumb/v7e-m\libm.a(lib_a-e_rem_pio2.o)
                              d:/imt_sdk_win_64/winarm/armgcc/bin/../lib/gcc/arm-none-eabi/7.2.1/../../../../arm-none-eabi/lib/thumb/v7e-m\libm.a(lib_a-s_cos.o) (__ieee754_rem_pio2)
d:/imt_sdk_win_64/winarm/armgcc/bin/../lib/gcc/arm-none-eabi/7.2.1/../../../../arm-none-eabi/lib/thumb/v7e-m\libm.a(lib_a-k_cos.o)
                              d:/imt_sdk_win_64/winarm/armgcc/bin/../lib/gcc/arm-none-eabi/7.2.1/../../../../arm-none-eabi/lib/thumb/v7e-m\libm.a(lib_a-s_cos.o) (__kernel_cos)
d:/imt_sdk_win_64/winarm/armgcc/bin/../lib/gcc/arm-none-eabi/7.2.1/../../../../arm-none-eabi/lib/thumb/v7e-m\libm.a(lib_a-k_rem_pio2.o)
                              d:/imt_sdk_win_64/winarm/armgcc/bin/../lib/gcc/arm-none-eabi/7.2.1/../../../../arm-none-eabi/lib/thumb/v7e-m\libm.a(lib_a-e_rem_pio2.o) (__kernel_rem_pio2)
d:/imt_sdk_win_64/winarm/armgcc/bin/../lib/gcc/arm-none-eabi/7.2.1/../../../../arm-none-eabi/lib/thumb/v7e-m\libm.a(lib_a-k_sin.o)
                              d:/imt_sdk_win_64/winarm/armgcc/bin/../lib/gcc/arm-none-eabi/7.2.1/../../../../arm-none-eabi/lib/thumb/v7e-m\libm.a(lib_a-s_cos.o) (__kernel_sin)
d:/imt_sdk_win_64/winarm/armgcc/bin/../lib/gcc/arm-none-eabi/7.2.1/../../../../arm-none-eabi/lib/thumb/v7e-m\libm.a(lib_a-s_fabs.o)
                              d:/imt_sdk_win_64/winarm/armgcc/bin/../lib/gcc/arm-none-eabi/7.2.1/../../../../arm-none-eabi/lib/thumb/v7e-m\libm.a(lib_a-e_rem_pio2.o) (fabs)
d:/imt_sdk_win_64/winarm/armgcc/bin/../lib/gcc/arm-none-eabi/7.2.1/../../../../arm-none-eabi/lib/thumb/v7e-m\libm.a(lib_a-s_floor.o)
                              d:/imt_sdk_win_64/winarm/armgcc/bin/../lib/gcc/arm-none-eabi/7.2.1/../../../../arm-none-eabi/lib/thumb/v7e-m\libm.a(lib_a-k_rem_pio2.o) (floor)
d:/imt_sdk_win_64/winarm/armgcc/bin/../lib/gcc/arm-none-eabi/7.2.1/../../../../arm-none-eabi/lib/thumb/v7e-m\libm.a(lib_a-s_scalbn.o)
                              d:/imt_sdk_win_64/winarm/armgcc/bin/../lib/gcc/arm-none-eabi/7.2.1/../../../../arm-none-eabi/lib/thumb/v7e-m\libm.a(lib_a-k_rem_pio2.o) (scalbn)
d:/imt_sdk_win_64/winarm/armgcc/bin/../lib/gcc/arm-none-eabi/7.2.1/../../../../arm-none-eabi/lib/thumb/v7e-m\libm.a(lib_a-s_copysign.o)
                              d:/imt_sdk_win_64/winarm/armgcc/bin/../lib/gcc/arm-none-eabi/7.2.1/../../../../arm-none-eabi/lib/thumb/v7e-m\libm.a(lib_a-s_scalbn.o) (copysign)
d:/imt_sdk_win_64/winarm/armgcc/bin/../lib/gcc/arm-none-eabi/7.2.1/thumb/v7e-m\libgcc.a(_arm_addsubdf3.o)
                              d:/imt_sdk_win_64/winarm/armgcc/bin/../lib/gcc/arm-none-eabi/7.2.1/../../../../arm-none-eabi/lib/thumb/v7e-m\libm.a(lib_a-s_cos.o) (__aeabi_dsub)
d:/imt_sdk_win_64/winarm/armgcc/bin/../lib/gcc/arm-none-eabi/7.2.1/thumb/v7e-m\libgcc.a(_arm_muldivdf3.o)
                              ./src/main.o (__aeabi_dmul)
d:/imt_sdk_win_64/winarm/armgcc/bin/../lib/gcc/arm-none-eabi/7.2.1/thumb/v7e-m\libgcc.a(_arm_cmpdf2.o)
                              d:/imt_sdk_win_64/winarm/armgcc/bin/../lib/gcc/arm-none-eabi/7.2.1/../../../../arm-none-eabi/lib/thumb/v7e-m\libm.a(lib_a-e_rem_pio2.o) (__aeabi_dcmpeq)
d:/imt_sdk_win_64/winarm/armgcc/bin/../lib/gcc/arm-none-eabi/7.2.1/thumb/v7e-m\libgcc.a(_arm_fixdfsi.o)
                              ./src/main.o (__aeabi_d2iz)
d:/imt_sdk_win_64/winarm/armgcc/bin/../lib/gcc/arm-none-eabi/7.2.1/thumb/v7e-m\libgcc.a(_arm_addsubsf3.o)
                              ./src/main.o (__aeabi_ui2f)
d:/imt_sdk_win_64/winarm/armgcc/bin/../lib/gcc/arm-none-eabi/7.2.1/thumb/v7e-m\libgcc.a(_arm_muldivsf3.o)
                              ./src/main.o (__aeabi_fmul)
d:/imt_sdk_win_64/winarm/armgcc/bin/../lib/gcc/arm-none-eabi/7.2.1/../../../../arm-none-eabi/lib/thumb/v7e-m\libg_nano.a(lib_a-abs.o)
                              ./src/ST7735_program.o (abs)
d:/imt_sdk_win_64/winarm/armgcc/bin/../lib/gcc/arm-none-eabi/7.2.1/../../../../arm-none-eabi/lib/thumb/v7e-m\libg_nano.a(lib_a-errno.o)
                              ./system/src/newlib/_sbrk.o (__errno)
d:/imt_sdk_win_64/winarm/armgcc/bin/../lib/gcc/arm-none-eabi/7.2.1/../../../../arm-none-eabi/lib/thumb/v7e-m\libg_nano.a(lib_a-impure.o)
                              d:/imt_sdk_win_64/winarm/armgcc/bin/../lib/gcc/arm-none-eabi/7.2.1/../../../../arm-none-eabi/lib/thumb/v7e-m\libg_nano.a(lib_a-errno.o) (_impure_ptr)
d:/imt_sdk_win_64/winarm/armgcc/bin/../lib/gcc/arm-none-eabi/7.2.1/../../../../arm-none-eabi/lib/thumb/v7e-m\libg_nano.a(lib_a-strlen.o)
[...]
Memory Configuration

Name             Origin             Length             Attributes
RAM              0x20000000         0x00010000         xrw
CCMRAM           0x10000000         0x00000000         xrw
FLASH            0x08000000         0x00040000         xr
FLASHB1          0x00000000         0x00000000         xr
EXTMEMB0         0x00000000         0x00000000         xr
EXTMEMB1         0x00000000         0x00000000         xr
EXTMEMB2         0x00000000         0x00000000         xr
EXTMEMB3         0x00000000         0x00000000         xr
*default*        0x00000000         0xffffffff

Linker script and memory map

LOAD ./system/src/stm32f4-hal/stm32f4xx_hal.o
LOAD ./system/src/stm32f4-hal/stm32f4xx_hal_cortex.o
LOAD ./system/src/stm32f4-hal/stm32f4xx_hal_dfsdm.o
LOAD ./system/src/stm32f4-hal/stm32f4xx_hal_flash.o
LOAD ./system/src/stm32f4-hal/stm32f4xx_hal_gpio.o
LOAD ./system/src/stm32f4-hal/stm32f4xx_hal_iwdg.o
LOAD ./system/src/stm32f4-hal/stm32f4xx_hal_pwr.o
LOAD ./system/src/stm32f4-hal/stm32f4xx_hal_rcc.o
LOAD ./system/src/newlib/_cxx.o
LOAD ./system/src/newlib/_exit.o
LOAD ./system/src/newlib/_sbrk.o
LOAD ./system/src/newlib/_startup.o
LOAD ./system/src/newlib/_syscalls.o
LOAD ./system/src/newlib/assert.o
LOAD ./system/src/diag/Trace.o
LOAD ./system/src/diag/trace_impl.o
LOAD ./system/src/cortexm/_initialize_hardware.o
LOAD ./system/src/cortexm/_reset_hardware.o
LOAD ./system/src/cortexm/exception_handlers.o
LOAD ./system/src/cmsis/system_stm32f4xx.o
LOAD ./system/src/cmsis/vectors_stm32f401xc.o
LOAD ./src/BTM_program.o
LOAD ./src/BUZZER_program.o
LOAD ./src/EXTI_program.o
LOAD ./src/GPIO_program.o
LOAD ./src/IR_REMOTE_program.o
LOAD ./src/LEDMATRIX_program.o
LOAD ./src/MOTOR_DRIVER_program.o
LOAD ./src/MRCC_program.o
LOAD ./src/NVIC_program.o
LOAD ./src/OS_program.o
LOAD ./src/SERVO_program.o
LOAD ./src/SPI_program.o
LOAD ./src/ST7735_program.o
LOAD ./src/STP_program.o
LOAD ./src/SYSTICK_program.o
LOAD ./src/TIM_program.o
LOAD ./src/ULTRASONIC_program.o
LOAD ./src/USART_program.o
LOAD ./src/main.o
LOAD d:/imt_sdk_win_64/winarm/armgcc/bin/../lib/gcc/arm-none-eabi/7.2.1/../../../../arm-none-eabi/lib/thumb/v7e-m\libstdc++_nano.a
LOAD d:/imt_sdk_win_64/winarm/armgcc/bin/../lib/gcc/arm-none-eabi/7.2.1/../../../../arm-none-eabi/lib/thumb/v7e-m\libm.a
START GROUP
LOAD d:/imt_sdk_win_64/winarm/armgcc/bin/../lib/gcc/arm-none-eabi/7.2.1/thumb/v7e-m\libgcc.a
LOAD d:/imt_sdk_win_64/winarm/armgcc/bin/../lib/gcc/arm-none-eabi/7.2.1/../../../../arm-none-eabi/lib/thumb/v7e-m\libg_nano.a
LOAD d:/imt_sdk_win_64/winarm/armgcc/bin/../lib/gcc/arm-none-eabi/7.2.1/../../../../arm-none-eabi/lib/thumb/v7e-m\libc_nano.a
END GROUP
START GROUP
LOAD d:/imt_sdk_win_64/winarm/armgcc/bin/../lib/gcc/arm-none-eabi/7.2.1/thumb/v7e-m\libgcc.a
LOAD d:/imt_sdk_win_64/winarm/armgcc/bin/../lib/gcc/arm-none-eabi/7.2.1/../../../../arm-none-eabi/lib/thumb/v7e-m\libc_nano.a
END GROUP
                0x20010000                __stack = (ORIGIN (RAM) + LENGTH (RAM))
                0x20010000                _estack = __stack
                0x00000400                __Main_Stack_Size = 0x400
                [!provide]                PROVIDE (_Main_Stack_Size, __Main_Stack_Size)
                0x2000fc00                __Main_Stack_Limit = (__stack - __Main_Stack_Size)
                [!provide]                PROVIDE (_Main_Stack_Limit, __Main_Stack_Limit)
                0x00000100                _Minimum_Stack_Size = 0x100
                0x200002e0                PROVIDE (_Heap_Begin, _end_noinit)
                0x2000fc00                PROVIDE (_Heap_Limit, (__stack - __Main_Stack_Size))

.isr_vector     0x08000000      0x3f4
 FILL mask 0xff
                0x08000000                __vectors_start = ABSOLUTE (.)
                0x08000000                __vectors_start__ = ABSOLUTE (.)
 *(.isr_vector)
 .isr_vector    0x08000000      0x194 ./system/src/cmsis/vectors_stm32f401xc.o
                0x08000000                __isr_vectors
 *(.cfmconfig)
 *(.after_vectors .after_vectors.*)
 .after_vectors
                0x08000194      0x130 ./system/src/newlib/_startup.o
                0x08000194                _start
 .after_vectors
                0x080002c4      0x12c ./system/src/cortexm/exception_handlers.o
                0x080002c4                Reset_Handler
                0x080002ca                NMI_Handler
                0x080002ce                HardFault_Handler
                0x080002e2                HardFault_Handler_C
                0x08000340                MemManage_Handler
                0x08000344                BusFault_Handler
                0x08000358                BusFault_Handler_C
                0x0800038c                UsageFault_Handler
                0x080003a0                UsageFault_Handler_C
                0x080003d4                SVC_Handler
                0x080003d8                DebugMon_Handler
                0x080003dc                PendSV_Handler
 .after_vectors
                0x080003f0        0x4 ./system/src/cmsis/vectors_stm32f401xc.o
                0x080003f0                RTC_Alarm_IRQHandler
                0x080003f0                SPI4_IRQHandler
                0x080003f0                TIM1_CC_IRQHandler
                0x080003f0                DMA2_Stream5_IRQHandler
                0x080003f0                DMA1_Stream5_IRQHandler
                0x080003f0                PVD_IRQHandler
                0x080003f0                SDIO_IRQHandler
                0x080003f0                TAMP_STAMP_IRQHandler
                0x080003f0                I2C3_ER_IRQHandler
                0x080003f0                I2C2_EV_IRQHandler
                0x080003f0                DMA1_Stream2_IRQHandler
                0x080003f0                FPU_IRQHandler
                0x080003f0                DMA2_Stream2_IRQHandler
                0x080003f0                SPI1_IRQHandler
                0x080003f0                TIM1_BRK_TIM9_IRQHandler
                0x080003f0                DMA2_Stream3_IRQHandler
                0x080003f0                USART6_IRQHandler
                0x080003f0                DMA2_Stream0_IRQHandler
                0x080003f0                TIM4_IRQHandler
                0x080003f0                I2C1_EV_IRQHandler
                0x080003f0                DMA1_Stream6_IRQHandler
                0x080003f0                DMA1_Stream1_IRQHandler
                0x080003f0                TIM3_IRQHandler
                0x080003f0                RCC_IRQHandler
                0x080003f0                Default_Handler
                0x080003f0                ADC_IRQHandler
                0x080003f0                DMA1_Stream7_IRQHandler
                0x080003f0                TIM5_IRQHandler
                0x080003f0                DMA2_Stream7_IRQHandler
                0x080003f0                I2C3_EV_IRQHandler
                0x080003f0                RTC_WKUP_IRQHandler
                0x080003f0                SPI2_IRQHandler
                0x080003f0                DMA1_Stream0_IRQHandler
                0x080003f0                WWDG_IRQHandler
                0x080003f0                TIM2_IRQHandler
                0x080003f0                OTG_FS_WKUP_IRQHandler
                0x080003f0                TIM1_TRG_COM_TIM11_IRQHandler
                0x080003f0                USART2_IRQHandler
                0x080003f0                I2C2_ER_IRQHandler
                0x080003f0                DMA2_Stream1_IRQHandler
                0x080003f0                FLASH_IRQHandler
                0x080003f0                DMA2_Stream4_IRQHandler
                0x080003f0                USART1_IRQHandler
                0x080003f0                OTG_FS_IRQHandler
                0x080003f0                SPI3_IRQHandler
                0x080003f0                DMA1_Stream4_IRQHandler
                0x080003f0                I2C1_ER_IRQHandler
                0x080003f0                DMA2_Stream6_IRQHandler
                0x080003f0                DMA1_Stream3_IRQHandler

.inits          0x080003f4       0x28
                0x080003f4                __data_regions_array_start = .
                0x080003f4        0x4 LONG 0x8005bcc LOADADDR (.data)
                0x080003f8        0x4 LONG 0x20000000 ADDR (.data)
                0x080003fc        0x4 LONG 0x20000088 (ADDR (.data) + SIZEOF (.data))
                0x08000400        0x4 LONG 0x8005bcc LOADADDR (.data_CCMRAM)
                0x08000404        0x4 LONG 0x10000000 ADDR (.data_CCMRAM)
                0x08000408        0x4 LONG 0x10000000 (ADDR (.data_CCMRAM) + SIZEOF (.data_CCMRAM))
                0x0800040c                __data_regions_array_end = .
                0x0800040c                __bss_regions_array_start = .
                0x0800040c        0x4 LONG 0x20000088 ADDR (.bss)
                0x08000410        0x4 LONG 0x200002e0 (ADDR (.bss) + SIZEOF (.bss))
                0x08000414        0x4 LONG 0x10000000 ADDR (.bss_CCMRAM)
                0x08000418        0x4 LONG 0x10000000 (ADDR (.bss_CCMRAM) + SIZEOF (.bss_CCMRAM))
                0x0800041c                __bss_regions_array_end = .
 *(.init)
 *(.fini)
                0x0800041c                . = ALIGN (0x4)
                0x0800041c                PROVIDE (__preinit_array_start, .)
 *(.preinit_array_sysinit .preinit_array_sysinit.*)
 *(.preinit_array_platform .preinit_array_platform.*)
 *(.preinit_array .preinit_array.*)
                0x0800041c                PROVIDE (__preinit_array_end, .)
                0x0800041c                . = ALIGN (0x4)
                0x0800041c                PROVIDE (__init_array_start, .)
 *(SORT_BY_NAME(.init_array.*))
 *(.init_array)
                0x0800041c                PROVIDE (__init_array_end, .)
                0x0800041c                . = ALIGN (0x4)
                0x0800041c                PROVIDE (__fini_array_start, .)
 *(SORT_BY_NAME(.fini_array.*))
 *(.fini_array)
                0x0800041c                PROVIDE (__fini_array_end, .)

.flashtext
 *(.flashtext .flashtext.*)

.text           0x08000420     0x57ab
 *(.text .text.*)
 .text._exit    0x08000420        0x2 ./system/src/newlib/_exit.o
                0x08000420                _exit
 *fill*         0x08000422        0x2 
 .text._sbrk    0x08000424       0x44 ./system/src/newlib/_sbrk.o
                0x08000424                _sbrk
 .text.__initialize_args
                0x08000468       0x10 ./system/src/newlib/_syscalls.o
                0x08000468                __initialize_args
 .text.trace_printf
                0x08000478       0x30 ./system/src/diag/Trace.o
                0x08000478                trace_printf
 .text._trace_write_semihosting_debug
                0x080004a8       0x60 ./system/src/diag/trace_impl.o
 .text.trace_write
                0x08000508        0x8 ./system/src/diag/trace_impl.o
                0x08000508                trace_write
 .text.__initialize_hardware_early
                0x08000510       0x18 ./system/src/cortexm/_initialize_hardware.o
                0x08000510                __initialize_hardware_early
 .text.__initialize_hardware
                0x08000528        0x8 ./system/src/cortexm/_initialize_hardware.o
                0x08000528                __initialize_hardware
 .text.dumpExceptionStack
                0x08000530       0xf4 ./system/src/cortexm/exception_handlers.o
                0x08000530                dumpExceptionStack
 .text.isSemihosting
                0x08000624       0x20 ./system/src/cortexm/exception_handlers.o
                0x08000624                isSemihosting
 .text.SystemInit
                0x08000644       0x40 ./system/src/cmsis/system_stm32f4xx.o
                0x08000644                SystemInit
 .text.SystemCoreClockUpdate
                0x08000684       0x9c ./system/src/cmsis/system_stm32f4xx.o
                0x08000684                SystemCoreClockUpdate
 .text.BTM_Init
                0x08000720        0xa ./src/BTM_program.o
                0x08000720                BTM_Init
 .text.BTM_SendString
                0x0800072a        0xc ./src/BTM_program.o
                0x0800072a                BTM_SendString
 .text.BTM_ReceiveData
                0x08000736        0xa ./src/BTM_program.o
                0x08000736                BTM_ReceiveData
 .text.BTM_IsDataAvailable
                0x08000740        0xa ./src/BTM_program.o
                0x08000740                BTM_IsDataAvailable
 .text.BUZZER_Init
                0x0800074a       0x30 ./src/BUZZER_program.o
                0x0800074a                BUZZER_Init
 *fill*         0x0800077a        0x2 
 .text.BUZZER_PlayStartup
                0x0800077c       0x1c ./src/BUZZER_program.o
                0x0800077c                BUZZER_PlayStartup
 .text.BUZZER_PlayReversing
                0x08000798       0x1c ./src/BUZZER_program.o
                0x08000798                BUZZER_PlayReversing
 .text.BUZZER_PlayAlert
                0x080007b4       0x1c ./src/BUZZER_program.o
                0x080007b4                BUZZER_PlayAlert
 .text.BUZZER_PlayModeSwitch
                0x080007d0       0x1c ./src/BUZZER_program.o
                0x080007d0                BUZZER_PlayModeSwitch
 .text.BUZZER_Task
                0x080007ec      0x140 ./src/BUZZER_program.o
                0x080007ec                BUZZER_Task
 .text.EXTI_ClearPendingFlag
                0x0800092c       0x10 ./src/EXTI_program.o
                0x0800092c                EXTI_ClearPendingFlag
 .text.EXTI_GetPendingFlag
                0x0800093c       0x14 ./src/EXTI_program.o
                0x0800093c                EXTI_GetPendingFlag
 .text.EXTI0_IRQHandler
                0x08000950       0x18 ./src/EXTI_program.o
                0x08000950                EXTI0_IRQHandler
 .text.EXTI1_IRQHandler
                0x08000968       0x18 ./src/EXTI_program.o
                0x08000968                EXTI1_IRQHandler
 .text.EXTI2_IRQHandler
                0x08000980       0x18 ./src/EXTI_program.o
                0x08000980                EXTI2_IRQHandler
 .text.EXTI3_IRQHandler
                0x08000998       0x18 ./src/EXTI_program.o
                0x08000998                EXTI3_IRQHandler
 .text.EXTI4_IRQHandler
                0x080009b0       0x18 ./src/EXTI_program.o
                0x080009b0                EXTI4_IRQHandler
 .text.EXTI9_5_IRQHandler
                0x080009c8       0x94 ./src/EXTI_program.o
                0x080009c8                EXTI9_5_IRQHandler
 .text.EXTI15_10_IRQHandler
                0x08000a5c       0xb0 ./src/EXTI_program.o
                0x08000a5c                EXTI15_10_IRQHandler
 .text.Get_GPIO_Port
                0x08000b0c       0x44 ./src/GPIO_program.o
 .text.GPIO_SetPinMode
                0x08000b50       0xb6 ./src/GPIO_program.o
                0x08000b50                GPIO_SetPinMode
 .text.GPIO_SetOutputConfig
                0x08000c06       0xcc ./src/GPIO_program.o
                0x08000c06                GPIO_SetOutputConfig
 .text.GPIO_SetInputConfig
                0x08000cd2       0x98 ./src/GPIO_program.o
                0x08000cd2                GPIO_SetInputConfig
 .text.GPIO_SetAlternativeConfig
                0x08000d6a      0x4b6 ./src/GPIO_program.o
                0x08000d6a                GPIO_SetAlternativeConfig
 .text.GPIO_SetPinValue
                0x08001220       0x32 ./src/GPIO_program.o
                0x08001220                GPIO_SetPinValue
 .text.GPIO_GetPinValue
                0x08001252       0x20 ./src/GPIO_program.o
                0x08001252                GPIO_GetPinValue
 .text.GPIO_TogglePin
                0x08001272       0x16 ./src/GPIO_program.o
                0x08001272                GPIO_TogglePin
 .text.GPIO_Init
                0x08001288       0x50 ./src/GPIO_program.o
                0x08001288                GPIO_Init
 .text.ApplyTrim
                0x080012d8       0x30 ./src/MOTOR_DRIVER_program.o
 .text.ShiftOutData
                0x08001308       0x60 ./src/MOTOR_DRIVER_program.o
 .text.MOTOR_SHIELD_Init
                0x08001368       0x6c ./src/MOTOR_DRIVER_program.o
                0x08001368                MOTOR_SHIELD_Init
 .text.MOTOR_SHIELD_SetMotor
                0x080013d4       0xe4 ./src/MOTOR_DRIVER_program.o
                0x080013d4                MOTOR_SHIELD_SetMotor
 .text.MOTOR_SHIELD_MoveForward
                0x080014b8       0x2e ./src/MOTOR_DRIVER_program.o
                0x080014b8                MOTOR_SHIELD_MoveForward
 .text.MOTOR_SHIELD_MoveBackward
                0x080014e6       0x2e ./src/MOTOR_DRIVER_program.o
                0x080014e6                MOTOR_SHIELD_MoveBackward
 .text.MOTOR_SHIELD_TurnRight
                0x08001514       0x2e ./src/MOTOR_DRIVER_program.o
                0x08001514                MOTOR_SHIELD_TurnRight
 .text.MOTOR_SHIELD_TurnLeft
                0x08001542       0x2e ./src/MOTOR_DRIVER_program.o
                0x08001542                MOTOR_SHIELD_TurnLeft
 .text.MOTOR_SHIELD_Stop
                0x08001570       0x2c ./src/MOTOR_DRIVER_program.o
                0x08001570                MOTOR_SHIELD_Stop
 .text.MRCC_init
                0x0800159c       0x2c ./src/MRCC_program.o
                0x0800159c                MRCC_init
 .text.MRCC_EN_peripheral_CLK
                0x080015c8       0x50 ./src/MRCC_program.o
                0x080015c8                MRCC_EN_peripheral_CLK
 .text.NVIC_EnableInterrupt
                0x08001618       0x1c ./src/NVIC_program.o
                0x08001618                NVIC_EnableInterrupt
 .text.NVIC_SetPriority
                0x08001634       0x16 ./src/NVIC_program.o
                0x08001634                NVIC_SetPriority
 *fill*         0x0800164a        0x2 
 .text.OS_TickISR
                0x0800164c        0xc ./src/OS_program.o
 .text.Scheduler
                0x08001658       0x54 ./src/OS_program.o
 .text.OS_CreateTask
                0x080016ac       0x24 ./src/OS_program.o
                0x080016ac                OS_CreateTask
 .text.Start_OS
                0x080016d0       0x18 ./src/OS_program.o
                0x080016d0                Start_OS
 .text.OS_Update
                0x080016e8       0x1c ./src/OS_program.o
                0x080016e8                OS_Update
 .text.SERVO_Init
                0x08001704       0x80 ./src/SERVO_program.o
                0x08001704                SERVO_Init
 .text.SERVO_SetAngle
                0x08001784       0x34 ./src/SERVO_program.o
                0x08001784                SERVO_SetAngle
 .text.SPI_GetSelectedInstance
                0x080017b8        0x8 ./src/SPI_program.o
 .text.SPI_SetRole
                0x080017c0       0x48 ./src/SPI_program.o
                0x080017c0                SPI_SetRole
 .text.SPI_Init
                0x08001808       0x9c ./src/SPI_program.o
                0x08001808                SPI_Init
 .text.SPI_Transfer
                0x080018a4       0x20 ./src/SPI_program.o
                0x080018a4                SPI_Transfer
 .text.CharToFontIndex
                0x080018c4       0x26 ./src/ST7735_program.o
 .text.SendData
                0x080018ea       0x2a ./src/ST7735_program.o
 .text.SendCommand
                0x08001914       0x2a ./src/ST7735_program.o
 .text.ST7735_SetAddressWindow
                0x0800193e       0x56 ./src/ST7735_program.o
 .text.ST7735_Init
                0x08001994       0xa6 ./src/ST7735_program.o
                0x08001994                ST7735_Init
 .text.ST7735_DrawPixel
                0x08001a3a       0x1c ./src/ST7735_program.o
                0x08001a3a                ST7735_DrawPixel
 .text.ST7735_SafePixel
                0x08001a56       0x1a ./src/ST7735_program.o
 .text.ST7735_FillScreen
                0x08001a70       0x2c ./src/ST7735_program.o
                0x08001a70                ST7735_FillScreen
 .text.ST7735_DrawLine
                0x08001a9c       0x7c ./src/ST7735_program.o
                0x08001a9c                ST7735_DrawLine
 .text.ST7735_DrawCircle
                0x08001b18       0xbe ./src/ST7735_program.o
                0x08001b18                ST7735_DrawCircle
 .text.ST7735_DrawFilledCircle
                0x08001bd6       0x48 ./src/ST7735_program.o
                0x08001bd6                ST7735_DrawFilledCircle
 *fill*         0x08001c1e        0x2 
 .text.ST7735_DrawChar
                0x08001c20       0x98 ./src/ST7735_program.o
                0x08001c20                ST7735_DrawChar
 .text.ST7735_DrawString
                0x08001cb8       0x42 ./src/ST7735_program.o
                0x08001cb8                ST7735_DrawString
 .text.STP_Init
                0x08001cfa       0x40 ./src/STP_program.o
                0x08001cfa                STP_Init
 .text.STP_Latch
                0x08001d3a       0x18 ./src/STP_program.o
                0x08001d3a                STP_Latch
 .text.STP_SendData
                0x08001d52       0x36 ./src/STP_program.o
                0x08001d52                STP_SendData
 .text.STP_RefreshNextColumn
                0x08001d88       0x38 ./src/STP_program.o
                0x08001d88                STP_RefreshNextColumn
 .text.STP_StartAutoRefresh
                0x08001dc0       0x3c ./src/STP_program.o
                0x08001dc0                STP_StartAutoRefresh
 .text.TIM1_UP_TIM10_IRQHandler
                0x08001dfc       0x34 ./src/STP_program.o
                0x08001dfc                TIM1_UP_TIM10_IRQHandler
 .text.STK_Init
                0x08001e30        0xc ./src/SYSTICK_program.o
                0x08001e30                STK_Init
 .text.STK_SetBusyWait
                0x08001e3c       0x28 ./src/SYSTICK_program.o
                0x08001e3c                STK_SetBusyWait
 .text.STK_SetIntervalPeriodic
                0x08001e64       0x28 ./src/SYSTICK_program.o
                0x08001e64                STK_SetIntervalPeriodic
 .text.Delay_us
                0x08001e8c        0xa ./src/SYSTICK_program.o
                0x08001e8c                Delay_us
 .text.Delay_ms
                0x08001e96       0x18 ./src/SYSTICK_program.o
                0x08001e96                Delay_ms
 *fill*         0x08001eae        0x2 
 .text.SysTick_Handler
                0x08001eb0       0x2c ./src/SYSTICK_program.o
                0x08001eb0                SysTick_Handler
 .text.TIM_PWM_Init
                0x08001edc       0x7a ./src/TIM_program.o
                0x08001edc                TIM_PWM_Init
 *fill*         0x08001f56        0x2 
 .text.TIM_PWM_SetDutyCycle
                0x08001f58       0x38 ./src/TIM_program.o
                0x08001f58                TIM_PWM_SetDutyCycle
 .text.TIM3_ReadMicros
                0x08001f90        0xc ./src/ULTRASONIC_program.o
 .text.TIM3_WaitMicros
                0x08001f9c       0x16 ./src/ULTRASONIC_program.o
 *fill*         0x08001fb2        0x2 
 .text.ULTRASONIC_Init
                0x08001fb4       0x54 ./src/ULTRASONIC_program.o
                0x08001fb4                ULTRASONIC_Init
 .text.ULTRASONIC_GetDistance
                0x08002008       0x78 ./src/ULTRASONIC_program.o
                0x08002008                ULTRASONIC_GetDistance
 .text.USART_GetBaseAddress
                0x08002080       0x28 ./src/USART_program.o
 .text.USART_Init
                0x080020a8       0x84 ./src/USART_program.o
                0x080020a8                USART_Init
 .text.USART_SendData
                0x0800212c       0x14 ./src/USART_program.o
                0x0800212c                USART_SendData
 .text.USART_Rx
                0x08002140       0x14 ./src/USART_program.o
                0x08002140                USART_Rx
 .text.USART_SendString
                0x08002154       0x20 ./src/USART_program.o
                0x08002154                USART_SendString
 .text.USART_IsDataAvailable
                0x08002174        0xe ./src/USART_program.o
                0x08002174                USART_IsDataAvailable
 .text.Buzzer_OS_Task
                0x08002182        0x8 ./src/main.o
                0x08002182                Buzzer_OS_Task
 *fill*         0x0800218a        0x2 
 .text.App_ControlTask
                0x0800218c      0x394 ./src/main.o
                0x0800218c                App_ControlTask
 .text.App_AutopilotTask
                0x08002520       0xa8 ./src/main.o
                0x08002520                App_AutopilotTask
 .text.App_RadarTask
                0x080025c8       0x30 ./src/main.o
                0x080025c8                App_RadarTask
 .text.Radar_DrawBackground
                0x080025f8       0xc4 ./src/main.o
 .text.App_TFTRadarTask
                0x080026bc      0x1e0 ./src/main.o
                0x080026bc                App_TFTRadarTask
 .text.Matrix_PrintString
                0x0800289c       0xb0 ./src/main.o
                0x0800289c                Matrix_PrintString
 .text.App_DisplayTask
                0x0800294c       0xd4 ./src/main.o
                0x0800294c                App_DisplayTask
 .text.main     0x08002a20       0xf8 ./src/main.o
                0x08002a20                main
 .text.cos      0x08002b18       0x94 d:/imt_sdk_win_64/winarm/armgcc/bin/../lib/gcc/arm-none-eabi/7.2.1/../../../../arm-none-eabi/lib/thumb/v7e-m\libm.a(lib_a-s_cos.o)
                0x08002b18                cos
 .text.sin      0x08002bac       0x88 d:/imt_sdk_win_64/winarm/armgcc/bin/../lib/gcc/arm-none-eabi/7.2.1/../../../../arm-none-eabi/lib/thumb/v7e-m\libm.a(lib_a-s_sin.o)
                0x08002bac                sin
 *fill*         0x08002c34        0x4 
 .text.__ieee754_rem_pio2
                0x08002c38      0x43c d:/imt_sdk_win_64/winarm/armgcc/bin/../lib/gcc/arm-none-eabi/7.2.1/../../../../arm-none-eabi/lib/thumb/v7e-m\libm.a(lib_a-e_rem_pio2.o)
                0x08002c38                __ieee754_rem_pio2
 *fill*         0x08003074        0x4 
 .text.__kernel_cos
                0x08003078      0x248 d:/imt_sdk_win_64/winarm/armgcc/bin/../lib/gcc/arm-none-eabi/7.2.1/../../../../arm-none-eabi/lib/thumb/v7e-m\libm.a(lib_a-k_cos.o)
                0x08003078                __kernel_cos
 .text.__kernel_rem_pio2
                0x080032c0      0x840 d:/imt_sdk_win_64/winarm/armgcc/bin/../lib/gcc/arm-none-eabi/7.2.1/../../../../arm-none-eabi/lib/thumb/v7e-m\libm.a(lib_a-k_rem_pio2.o)
                0x080032c0                __kernel_rem_pio2
 .text.__kernel_sin
                0x08003b00      0x16c d:/imt_sdk_win_64/winarm/armgcc/bin/../lib/gcc/arm-none-eabi/7.2.1/../../../../arm-none-eabi/lib/thumb/v7e-m\libm.a(lib_a-k_sin.o)
                0x08003b00                __kernel_sin
 .text.fabs     0x08003c6c        0x8 d:/imt_sdk_win_64/winarm/armgcc/bin/../lib/gcc/arm-none-eabi/7.2.1/../../../../arm-none-eabi/lib/thumb/v7e-m\libm.a(lib_a-s_fabs.o)
                0x08003c6c                fabs
 *fill*         0x08003c74        0x4 
 .text.floor    0x08003c78      0x108 d:/imt_sdk_win_64/winarm/armgcc/bin/../lib/gcc/arm-none-eabi/7.2.1/../../../../arm-none-eabi/lib/thumb/v7e-m\libm.a(lib_a-s_floor.o)
                0x08003c78                floor
 .text.scalbn   0x08003d80       0xfc d:/imt_sdk_win_64/winarm/armgcc/bin/../lib/gcc/arm-none-eabi/7.2.1/../../../../arm-none-eabi/lib/thumb/v7e-m\libm.a(lib_a-s_scalbn.o)
                0x08003d80                scalbn
 .text.copysign
                0x08003e7c       0x10 d:/imt_sdk_win_64/winarm/armgcc/bin/../lib/gcc/arm-none-eabi/7.2.1/../../../../arm-none-eabi/lib/thumb/v7e-m\libm.a(lib_a-s_copysign.o)
                0x08003e7c                copysign
 .text          0x08003e8c      0x378 d:/imt_sdk_win_64/winarm/armgcc/bin/../lib/gcc/arm-none-eabi/7.2.1/thumb/v7e-m\libgcc.a(_arm_addsubdf3.o)
                0x08003e8c                __aeabi_drsub
                0x08003e94                __aeabi_dsub
                0x08003e94                __subdf3
                0x08003e98                __aeabi_dadd
                0x08003e98                __adddf3
                0x08004110                __floatunsidf
                0x08004110                __aeabi_ui2d
                0x08004130                __floatsidf
                0x08004130                __aeabi_i2d
                0x08004154                __aeabi_f2d
                0x08004154                __extendsfdf2
                0x08004198                __floatundidf
                0x08004198                __aeabi_ul2d
                0x080041a8                __floatdidf
                0x080041a8                __aeabi_l2d
 .text          0x08004204      0x424 d:/imt_sdk_win_64/winarm/armgcc/bin/../lib/gcc/arm-none-eabi/7.2.1/thumb/v7e-m\libgcc.a(_arm_muldivdf3.o)
                0x08004204                __aeabi_dmul
                0x08004204                __muldf3
                0x08004458                __divdf3
                0x08004458                __aeabi_ddiv
 .text          0x08004628      0x110 d:/imt_sdk_win_64/winarm/armgcc/bin/../lib/gcc/arm-none-eabi/7.2.1/thumb/v7e-m\libgcc.a(_arm_cmpdf2.o)
                0x08004628                __gtdf2
                0x08004628                __gedf2
                0x08004630                __ltdf2
                0x08004630                __ledf2
                0x08004638                __nedf2
                0x08004638                __eqdf2
                0x08004638                __cmpdf2
                0x080046b4                __aeabi_cdrcmple
                0x080046c4                __aeabi_cdcmpeq
                0x080046c4                __aeabi_cdcmple
                0x080046d4                __aeabi_dcmpeq
                0x080046e8                __aeabi_dcmplt
                0x080046fc                __aeabi_dcmple
                0x08004710                __aeabi_dcmpge
                0x08004724                __aeabi_dcmpgt
 .text          0x08004738       0x50 d:/imt_sdk_win_64/winarm/armgcc/bin/../lib/gcc/arm-none-eabi/7.2.1/thumb/v7e-m\libgcc.a(_arm_fixdfsi.o)
                0x08004738                __aeabi_d2iz
                0x08004738                __fixdfsi
 .text          0x08004788      0x21c d:/imt_sdk_win_64/winarm/armgcc/bin/../lib/gcc/arm-none-eabi/7.2.1/thumb/v7e-m\libgcc.a(_arm_addsubsf3.o)
                0x08004788                __aeabi_frsub
                0x08004790                __subsf3
                0x08004790                __aeabi_fsub
                0x08004794                __aeabi_fadd
                0x08004794                __addsf3
                0x080048f4                __aeabi_ui2f
                0x080048f4                __floatunsisf
                0x080048fc                __aeabi_i2f
                0x080048fc                __floatsisf
                0x08004918                __aeabi_ul2f
                0x08004918                __floatundisf
                0x08004928                __aeabi_l2f
                0x08004928                __floatdisf
 .text          0x080049a4      0x2a0 d:/imt_sdk_win_64/winarm/armgcc/bin/../lib/gcc/arm-none-eabi/7.2.1/thumb/v7e-m\libgcc.a(_arm_muldivsf3.o)
                0x080049a4                __mulsf3
                0x080049a4                __aeabi_fmul
                0x08004b0c                __aeabi_fdiv
                0x08004b0c                __divsf3
 .text.abs      0x08004c44        0x8 d:/imt_sdk_win_64/winarm/armgcc/bin/../lib/gcc/arm-none-eabi/7.2.1/../../../../arm-none-eabi/lib/thumb/v7e-m\libg_nano.a(lib_a-abs.o)
                0x08004c44                abs
 .text.__errno  0x08004c4c        0xc d:/imt_sdk_win_64/winarm/armgcc/bin/../lib/gcc/arm-none-eabi/7.2.1/../../../../arm-none-eabi/lib/thumb/v7e-m\libg_nano.a(lib_a-errno.o)
                0x08004c4c                __errno
 .text._vsnprintf_r
                0x08004c58       0x58 d:/imt_sdk_win_64/winarm/armgcc/bin/../lib/gcc/arm-none-eabi/7.2.1/../../../../arm-none-eabi/lib/thumb/v7e-m\libg_nano.a(lib_a-vsnprintf.o)
                0x08004c58                _vsniprintf_r
                0x08004c58                _vsnprintf_r
 .text.vsnprintf
                0x08004cb0       0x1c d:/imt_sdk_win_64/winarm/armgcc/bin/../lib/gcc/arm-none-eabi/7.2.1/../../../../arm-none-eabi/lib/thumb/v7e-m\libg_nano.a(lib_a-vsnprintf.o)
                0x08004cb0                vsniprintf
                0x08004cb0                vsnprintf
 .text.__ssputs_r
                0x08004ccc       0xb4 d:/imt_sdk_win_64/winarm/armgcc/bin/../lib/gcc/arm-none-eabi/7.2.1/../../../../arm-none-eabi/lib/thumb/v7e-m\libg_nano.a(lib_a-nano-svfprintf.o)
                0x08004ccc                __ssputs_r
 .text._svfprintf_r
                0x08004d80      0x1ec d:/imt_sdk_win_64/winarm/armgcc/bin/../lib/gcc/arm-none-eabi/7.2.1/../../../../arm-none-eabi/lib/thumb/v7e-m\libg_nano.a(lib_a-nano-svfprintf.o)
                0x08004d80                _svfiprintf_r
                0x08004d80                _svfprintf_r
 .text._printf_common
                0x08004f6c       0xea d:/imt_sdk_win_64/winarm/armgcc/bin/../lib/gcc/arm-none-eabi/7.2.1/../../../../arm-none-eabi/lib/thumb/v7e-m\libg_nano.a(lib_a-nano-vfprintf_i.o)
                0x08004f6c                _printf_common
 *fill*         0x08005056        0x2 
 .text._printf_i
                0x08005058      0x224 d:/imt_sdk_win_64/winarm/armgcc/bin/../lib/gcc/arm-none-eabi/7.2.1/../../../../arm-none-eabi/lib/thumb/v7e-m\libg_nano.a(lib_a-nano-vfprintf_i.o)
                0x08005058                _printf_i
 *fill*         0x0800527c        0x4 
 .text          0x08005280       0xa0 d:/imt_sdk_win_64/winarm/armgcc/bin/../lib/gcc/arm-none-eabi/7.2.1/../../../../arm-none-eabi/lib/thumb/v7e-m\libg_nano.a(lib_a-memchr.o)
                0x08005280                memchr
 .text.memcpy   0x08005320       0x16 d:/imt_sdk_win_64/winarm/armgcc/bin/../lib/gcc/arm-none-eabi/7.2.1/../../../../arm-none-eabi/lib/thumb/v7e-m\libg_nano.a(lib_a-memcpy-stub.o)
                0x08005320                memcpy
 .text.memmove  0x08005336       0x32 d:/imt_sdk_win_64/winarm/armgcc/bin/../lib/gcc/arm-none-eabi/7.2.1/../../../../arm-none-eabi/lib/thumb/v7e-m\libg_nano.a(lib_a-memmove.o)
                0x08005336                memmove
 .text._free_r  0x08005368       0x9c d:/imt_sdk_win_64/winarm/armgcc/bin/../lib/gcc/arm-none-eabi/7.2.1/../../../../arm-none-eabi/lib/thumb/v7e-m\libg_nano.a(lib_a-nano-freer.o)
                0x08005368                _free_r
 .text._malloc_r
                0x08005404       0xb4 d:/imt_sdk_win_64/winarm/armgcc/bin/../lib/gcc/arm-none-eabi/7.2.1/../../../../arm-none-eabi/lib/thumb/v7e-m\libg_nano.a(lib_a-nano-mallocr.o)
                0x08005404                _malloc_r
 .text._realloc_r
                0x080054b8       0x4c d:/imt_sdk_win_64/winarm/armgcc/bin/../lib/gcc/arm-none-eabi/7.2.1/../../../../arm-none-eabi/lib/thumb/v7e-m\libg_nano.a(lib_a-nano-reallocr.o)
                0x080054b8                _realloc_r
 .text._sbrk_r  0x08005504       0x20 d:/imt_sdk_win_64/winarm/armgcc/bin/../lib/gcc/arm-none-eabi/7.2.1/../../../../arm-none-eabi/lib/thumb/v7e-m\libg_nano.a(lib_a-sbrkr.o)
                0x08005504                _sbrk_r
 .text.__malloc_lock
                0x08005524        0x2 d:/imt_sdk_win_64/winarm/armgcc/bin/../lib/gcc/arm-none-eabi/7.2.1/../../../../arm-none-eabi/lib/thumb/v7e-m\libg_nano.a(lib_a-mlock.o)
                0x08005524                __malloc_lock
 .text.__malloc_unlock
                0x08005526        0x2 d:/imt_sdk_win_64/winarm/armgcc/bin/../lib/gcc/arm-none-eabi/7.2.1/../../../../arm-none-eabi/lib/thumb/v7e-m\libg_nano.a(lib_a-mlock.o)
                0x08005526                __malloc_unlock
 .text._malloc_usable_size_r
                0x08005528       0x10 d:/imt_sdk_win_64/winarm/armgcc/bin/../lib/gcc/arm-none-eabi/7.2.1/../../../../arm-none-eabi/lib/thumb/v7e-m\libg_nano.a(lib_a-nano-msizer.o)
                0x08005528                _malloc_usable_size_r
 *(.rodata .rodata.* .constdata .constdata.*)
 .rodata.dumpExceptionStack.str1.4
                0x08005538      0x11a ./system/src/cortexm/exception_handlers.o
 *fill*         0x08005652        0x2 
 .rodata.str1.4
                0x08005654       0x2a ./system/src/cortexm/exception_handlers.o
 *fill*         0x0800567e        0x2 
 .rodata.AHBPrescTable
                0x08005680       0x10 ./system/src/cmsis/system_stm32f4xx.o
                0x08005680                AHBPrescTable
 .rodata.MotorTrimPercent
                0x08005690        0x5 ./src/MOTOR_DRIVER_program.o
 *fill*         0x08005695        0x3 
 .rodata.Font5x7
                0x08005698       0xb9 ./src/ST7735_program.o
 *fill*         0x08005751        0x3 
 .rodata.App_ControlTask.str1.4
                0x08005754      0x164 ./src/main.o
 .rodata.App_DisplayTask.str1.4
                0x080058b8       0x3f ./src/main.o
 *fill*         0x080058f7        0x1 
 .rodata.Font5x7
                0x080058f8       0x8c ./src/main.o
                0x080058f8                Font5x7
 .rodata.Radar_DrawBackground.str1.4
                0x08005984        0xc ./src/main.o
 .rodata.main.str1.4
                0x08005990       0x30 ./src/main.o
                                 0x2e (size before relaxing)
 .rodata.npio2_hw
                0x080059c0       0x80 d:/imt_sdk_win_64/winarm/armgcc/bin/../lib/gcc/arm-none-eabi/7.2.1/../../../../arm-none-eabi/lib/thumb/v7e-m\libm.a(lib_a-e_rem_pio2.o)
 .rodata.two_over_pi
                0x08005a40      0x108 d:/imt_sdk_win_64/winarm/armgcc/bin/../lib/gcc/arm-none-eabi/7.2.1/../../../../arm-none-eabi/lib/thumb/v7e-m\libm.a(lib_a-e_rem_pio2.o)
 .rodata.PIo2   0x08005b48       0x40 d:/imt_sdk_win_64/winarm/armgcc/bin/../lib/gcc/arm-none-eabi/7.2.1/../../../../arm-none-eabi/lib/thumb/v7e-m\libm.a(lib_a-k_rem_pio2.o)
 .rodata.init_jk
                0x08005b88       0x10 d:/imt_sdk_win_64/winarm/armgcc/bin/../lib/gcc/arm-none-eabi/7.2.1/../../../../arm-none-eabi/lib/thumb/v7e-m\libm.a(lib_a-k_rem_pio2.o)
 .rodata._svfprintf_r.str1.1
                0x08005b98       0x11 d:/imt_sdk_win_64/winarm/armgcc/bin/../lib/gcc/arm-none-eabi/7.2.1/../../../../arm-none-eabi/lib/thumb/v7e-m\libg_nano.a(lib_a-nano-svfprintf.o)
 .rodata._printf_i.str1.1
                0x08005ba9       0x22 d:/imt_sdk_win_64/winarm/armgcc/bin/../lib/gcc/arm-none-eabi/7.2.1/../../../../arm-none-eabi/lib/thumb/v7e-m\libg_nano.a(lib_a-nano-vfprintf_i.o)
 *(vtable)
 *(.eh_frame*)
 *(.glue_7)
 .glue_7        0x08005bcb        0x0 linker stubs
 *(.glue_7t)
 .glue_7t       0x08005bcb        0x0 linker stubs

.vfp11_veneer   0x08005bcc        0x0
 .vfp11_veneer  0x08005bcc        0x0 linker stubs

.v4_bx          0x08005bcc        0x0
 .v4_bx         0x08005bcc        0x0 linker stubs

.iplt           0x08005bcc        0x0
 .iplt          0x08005bcc        0x0 ./system/src/newlib/_exit.o

.rel.dyn        0x08005bcc        0x0
 .rel.iplt      0x08005bcc        0x0 ./system/src/newlib/_exit.o

.ARM.extab
 *(.ARM.extab* .gnu.linkonce.armextab.*)
                0x08005bcc                . = ALIGN (0x4)
                0x08005bcc                __exidx_start = .

.ARM.exidx
 *(.ARM.exidx* .gnu.linkonce.armexidx.*)
                0x08005bcc                __exidx_end = .
                0x08005bcc                . = ALIGN (0x4)
                0x08005bcc                _etext = .
                0x08005bcc                __etext = .

.data_CCMRAM    0x10000000        0x0 load address 0x08005bcc
 FILL mask 0xff
 *(.data.CCMRAM .data.CCMRAM.*)
                0x10000000                . = ALIGN (0x4)
                0x08005bcc                _sidata = LOADADDR (.data)

.data           0x20000000       0x88 load address 0x08005bcc
 FILL mask 0xff
                0x20000000                _sdata = .
                0x20000000                __data_start__ = .
 *(.data_begin .data_begin.*)
 .data_begin    0x20000000        0x4 ./system/src/newlib/_startup.o
 *(.data .data.*)
 .data.argv.4310
                0x20000004        0x8 ./system/src/newlib/_syscalls.o
 .data.SystemCoreClock
                0x2000000c        0x4 ./system/src/cmsis/system_stm32f4xx.o
                0x2000000c                SystemCoreClock
 .data.STK_u8ModeOfInterval
                0x20000010        0x1 ./src/SYSTICK_program.o
 *fill*         0x20000011        0x3 ff
 .data.Current_Distance
                0x20000014        0x4 ./src/main.o
                0x20000014                Current_Distance
 .data.Current_Mode
                0x20000018        0x1 ./src/main.o
                0x20000018                Current_Mode
 .data.Local_s8LastDir.4785
                0x20000019        0x1 ./src/main.o
 .data.Robot_Speed
                0x2000001a        0x1 ./src/main.o
                0x2000001a                Robot_Speed
 .data.Servo_Direction
                0x2000001b        0x1 ./src/main.o
                0x2000001b                Servo_Direction
 .data.Servo_Pos
                0x2000001c        0x1 ./src/main.o
                0x2000001c                Servo_Pos
 .data.last_direction.4799
                0x2000001d        0x1 ./src/main.o
 *fill*         0x2000001e        0x2 ff
 .data._impure_ptr
                0x20000020        0x4 d:/imt_sdk_win_64/winarm/armgcc/bin/../lib/gcc/arm-none-eabi/7.2.1/../../../../arm-none-eabi/lib/thumb/v7e-m\libg_nano.a(lib_a-impure.o)
                0x20000020                _impure_ptr
 .data.impure_data
                0x20000024       0x60 d:/imt_sdk_win_64/winarm/armgcc/bin/../lib/gcc/arm-none-eabi/7.2.1/../../../../arm-none-eabi/lib/thumb/v7e-m\libg_nano.a(lib_a-impure.o)
 *(.data_end .data_end.*)
 .data_end      0x20000084        0x4 ./system/src/newlib/_startup.o
                0x20000088                . = ALIGN (0x4)
                0x20000088                _edata = .
                0x20000088                __data_end__ = .

.igot.plt       0x20000088        0x0 load address 0x08005c54
 .igot.plt      0x20000088        0x0 ./system/src/newlib/_exit.o

.bss_CCMRAM     0x10000000        0x0
 *(.bss.CCMRAM .bss.CCMRAM.*)

.bss            0x20000088      0x258
                0x20000088                __bss_start__ = .
                0x20000088                _sbss = .
 *(.bss_begin .bss_begin.*)
 .bss_begin     0x20000088        0x4 ./system/src/newlib/_startup.o
 *(.bss .bss.*)
 .bss.current_heap_end.3961
                0x2000008c        0x4 ./system/src/newlib/_sbrk.o
 .bss.name.4309
                0x20000090        0x1 ./system/src/newlib/_syscalls.o
 *fill*         0x20000091        0x3 
 .bss.buf.5205  0x20000094       0x80 ./system/src/diag/Trace.o
 .bss.Current_Sound
                0x20000114        0x1 ./src/BUZZER_program.o
 *fill*         0x20000115        0x3 
 .bss.Step_Counter
                0x20000118        0x4 ./src/BUZZER_program.o
 .bss.EXTI_CallBack
                0x2000011c       0x40 ./src/EXTI_program.o
 .bss.Global_u8ShiftData
                0x2000015c        0x1 ./src/MOTOR_DRIVER_program.o
 *fill*         0x2000015d        0x3 
 .bss.OS_Tasks  0x20000160       0xa0 ./src/OS_program.o
 .bss.OS_u8TickFlag
                0x20000200        0x1 ./src/OS_program.o
 *fill*         0x20000201        0x3 
 .bss.Local_ptrAutoRefreshBuffer
                0x20000204        0x4 ./src/STP_program.o
 .bss.Local_u8AutoRefreshSize
                0x20000208        0x1 ./src/STP_program.o
 .bss.Local_u8CurrentCol.3870
                0x20000209        0x1 ./src/STP_program.o
 *fill*         0x2000020a        0x2 
 .bss.STK_CallBack
                0x2000020c        0x4 ./src/SYSTICK_program.o
 .bss.Auto_Stop_Timer.4749
                0x20000210        0x1 ./src/main.o
 *fill*         0x20000211        0x3 
 .bss.CurrentScrollIndex
                0x20000214        0x4 ./src/main.o
                0x20000214                CurrentScrollIndex
 .bss.Current_Direction
                0x20000218        0x1 ./src/main.o
                0x20000218                Current_Direction
 *fill*         0x20000219        0x3 
 .bss.Local_s16OldBlipX.4787
                0x2000021c        0x4 ./src/main.o
 .bss.Local_s16OldBlipY.4788
                0x20000220        0x4 ./src/main.o
 .bss.Local_u8BlipValid.4786
                0x20000224        0x1 ./src/main.o
 .bss.Maneuver_Steps.4775
                0x20000225        0x1 ./src/main.o
 *fill*         0x20000226        0x2 
 .bss.ScrollBufferLength
                0x20000228        0x4 ./src/main.o
                0x20000228                ScrollBufferLength
 .bss.scroll_timer.4798
                0x2000022c        0x1 ./src/main.o
 *fill*         0x2000022d        0x3 
 .bss.__malloc_free_list
                0x20000230        0x4 d:/imt_sdk_win_64/winarm/armgcc/bin/../lib/gcc/arm-none-eabi/7.2.1/../../../../arm-none-eabi/lib/thumb/v7e-m\libg_nano.a(lib_a-nano-mallocr.o)
                0x20000230                __malloc_free_list
 .bss.__malloc_sbrk_start
                0x20000234        0x4 d:/imt_sdk_win_64/winarm/armgcc/bin/../lib/gcc/arm-none-eabi/7.2.1/../../../../arm-none-eabi/lib/thumb/v7e-m\libg_nano.a(lib_a-nano-mallocr.o)
                0x20000234                __malloc_sbrk_start
 *(COMMON)
 COMMON         0x20000238        0x4 ./system/src/newlib/_syscalls.o
                0x20000238                errno
 COMMON         0x2000023c       0x9e ./src/main.o
                0x2000023c                DisplayFrame
                0x20000244                ScrollBuffer
 *(.bss_end .bss_end.*)
 *fill*         0x200002da        0x2 
 .bss_end       0x200002dc        0x4 ./system/src/newlib/_startup.o
                0x200002e0                . = ALIGN (0x4)
                0x200002e0                __bss_end__ = .
                0x200002e0                _ebss = .

.noinit_CCMRAM
 *(.noinit.CCMRAM .noinit.CCMRAM.*)

.noinit         0x200002e0        0x0
                0x200002e0                _noinit = .
 *(.noinit .noinit.*)
                0x200002e0                . = ALIGN (0x4)
                0x200002e0                _end_noinit = .
                [!provide]                PROVIDE (end, _end_noinit)
                [!provide]                PROVIDE (_end, _end_noinit)
                [!provide]                PROVIDE (__end, _end_noinit)
                [!provide]                PROVIDE (__end__, _end_noinit)

._check_stack   0x200002e0      0x100
                0x200003e0                . = (. + _Minimum_Stack_Size)
 *fill*         0x200002e0      0x100 

.b1text
 *(.b1text)
 *(.b1rodata)
 *(.b1rodata.*)

.eb0text
 *(.eb0text)
 *(.eb0rodata)
 *(.eb0rodata.*)

.eb1text
 *(.eb1text)
 *(.eb1rodata)
 *(.eb1rodata.*)

.eb2text
 *(.eb2text)
 *(.eb2rodata)
 *(.eb2rodata.*)

.eb3text
 *(.eb3text)
 *(.eb3rodata)
 *(.eb3rodata.*)

.stab
 *(.stab)

.stabstr
 *(.stabstr)

.stab.excl
 *(.stab.excl)

.stab.exclstr
 *(.stab.exclstr)

.stab.index
 *(.stab.index)

.stab.indexstr
 *(.stab.indexstr)

.comment        0x00000000       0x7e
 *(.comment)
 .comment       0x00000000       0x7e ./system/src/newlib/_exit.o
                                 0x7f (size before relaxing)
 .comment       0x0000007e       0x7f ./system/src/newlib/_sbrk.o
 .comment       0x0000007e       0x7f ./system/src/newlib/_startup.o
 .comment       0x0000007e       0x7f ./system/src/newlib/_syscalls.o
 .comment       0x0000007e       0x7f ./system/src/diag/Trace.o
 .comment       0x0000007e       0x7f ./system/src/diag/trace_impl.o
 .comment       0x0000007e       0x7f ./system/src/cortexm/_initialize_hardware.o
 .comment       0x0000007e       0x7f ./system/src/cortexm/exception_handlers.o
 .comment       0x0000007e       0x7f ./system/src/cmsis/system_stm32f4xx.o
 .comment       0x0000007e       0x7f ./system/src/cmsis/vectors_stm32f401xc.o
 .comment       0x0000007e       0x7f ./src/BTM_program.o
 .comment       0x0000007e       0x7f ./src/BUZZER_program.o
 .comment       0x0000007e       0x7f ./src/EXTI_program.o
 .comment       0x0000007e       0x7f ./src/GPIO_program.o
 .comment       0x0000007e       0x7f ./src/MOTOR_DRIVER_program.o
 .comment       0x0000007e       0x7f ./src/MRCC_program.o
 .comment       0x0000007e       0x7f ./src/NVIC_program.o
 .comment       0x0000007e       0x7f ./src/OS_program.o
 .comment       0x0000007e       0x7f ./src/SERVO_program.o
 .comment       0x0000007e       0x7f ./src/SPI_program.o
 .comment       0x0000007e       0x7f ./src/ST7735_program.o
 .comment       0x0000007e       0x7f ./src/STP_program.o
 .comment       0x0000007e       0x7f ./src/SYSTICK_program.o
 .comment       0x0000007e       0x7f ./src/TIM_program.o
 .comment       0x0000007e       0x7f ./src/ULTRASONIC_program.o
 .comment       0x0000007e       0x7f ./src/USART_program.o
 .comment       0x0000007e       0x7f ./src/main.o

.ARM.attributes
                0x00000000       0x31
 .ARM.attributes
                0x00000000       0x33 ./system/src/newlib/_exit.o
 .ARM.attributes
                0x00000033       0x33 ./system/src/newlib/_sbrk.o
 .ARM.attributes
                0x00000066       0x33 ./system/src/newlib/_startup.o
 .ARM.attributes
                0x00000099       0x33 ./system/src/newlib/_syscalls.o
 .ARM.attributes
                0x000000cc       0x33 ./system/src/diag/Trace.o
 .ARM.attributes
                0x000000ff       0x33 ./system/src/diag/trace_impl.o
 .ARM.attributes
                0x00000132       0x33 ./system/src/cortexm/_initialize_hardware.o
 .ARM.attributes
                0x00000165       0x33 ./system/src/cortexm/exception_handlers.o
 .ARM.attributes
                0x00000198       0x33 ./system/src/cmsis/system_stm32f4xx.o
 .ARM.attributes
                0x000001cb       0x33 ./system/src/cmsis/vectors_stm32f401xc.o
 .ARM.attributes
                0x000001fe       0x33 ./src/BTM_program.o
 .ARM.attributes
                0x00000231       0x33 ./src/BUZZER_program.o
 .ARM.attributes
                0x00000264       0x33 ./src/EXTI_program.o
 .ARM.attributes
                0x00000297       0x33 ./src/GPIO_program.o
 .ARM.attributes
                0x000002ca       0x33 ./src/MOTOR_DRIVER_program.o
 .ARM.attributes
                0x000002fd       0x33 ./src/MRCC_program.o
 .ARM.attributes
                0x00000330       0x33 ./src/NVIC_program.o
 .ARM.attributes
                0x00000363       0x33 ./src/OS_program.o
 .ARM.attributes
                0x00000396       0x33 ./src/SERVO_program.o
 .ARM.attributes
                0x000003c9       0x33 ./src/SPI_program.o
 .ARM.attributes
                0x000003fc       0x33 ./src/ST7735_program.o
 .ARM.attributes
                0x0000042f       0x33 ./src/STP_program.o
 .ARM.attributes
                0x00000462       0x33 ./src/SYSTICK_program.o
 .ARM.attributes
                0x00000495       0x33 ./src/TIM_program.o
 .ARM.attributes
                0x000004c8       0x33 ./src/ULTRASONIC_program.o
 .ARM.attributes
                0x000004fb       0x33 ./src/USART_program.o
 .ARM.attributes
                0x0000052e       0x33 ./src/main.o
 .ARM.attributes
                0x00000561       0x2e d:/imt_sdk_win_64/winarm/armgcc/bin/../lib/gcc/arm-none-eabi/7.2.1/../../../../arm-none-eabi/lib/thumb/v7e-m\libm.a(lib_a-s_cos.o)
 .ARM.attributes
                0x0000058f       0x2e d:/imt_sdk_win_64/winarm/armgcc/bin/../lib/gcc/arm-none-eabi/7.2.1/../../../../arm-none-eabi/lib/thumb/v7e-m\libm.a(lib_a-s_sin.o)
 .ARM.attributes
                0x000005bd       0x2e d:/imt_sdk_win_64/winarm/armgcc/bin/../lib/gcc/arm-none-eabi/7.2.1/../../../../arm-none-eabi/lib/thumb/v7e-m\libm.a(lib_a-e_rem_pio2.o)
 .ARM.attributes
                0x000005eb       0x2e d:/imt_sdk_win_64/winarm/armgcc/bin/../lib/gcc/arm-none-eabi/7.2.1/../../../../arm-none-eabi/lib/thumb/v7e-m\libm.a(lib_a-k_cos.o)
 .ARM.attributes
                0x00000619       0x2e d:/imt_sdk_win_64/winarm/armgcc/bin/../lib/gcc/arm-none-eabi/7.2.1/../../../../arm-none-eabi/lib/thumb/v7e-m\libm.a(lib_a-k_rem_pio2.o)
 .ARM.attributes
                0x00000647       0x2e d:/imt_sdk_win_64/winarm/armgcc/bin/../lib/gcc/arm-none-eabi/7.2.1/../../../../arm-none-eabi/lib/thumb/v7e-m\libm.a(lib_a-k_sin.o)
 .ARM.attributes
                0x00000675       0x2e d:/imt_sdk_win_64/winarm/armgcc/bin/../lib/gcc/arm-none-eabi/7.2.1/../../../../arm-none-eabi/lib/thumb/v7e-m\libm.a(lib_a-s_fabs.o)
 .ARM.attributes
                0x000006a3       0x2e d:/imt_sdk_win_64/winarm/armgcc/bin/../lib/gcc/arm-none-eabi/7.2.1/../../../../arm-none-eabi/lib/thumb/v7e-m\libm.a(lib_a-s_floor.o)
 .ARM.attributes
                0x000006d1       0x2e d:/imt_sdk_win_64/winarm/armgcc/bin/../lib/gcc/arm-none-eabi/7.2.1/../../../../arm-none-eabi/lib/thumb/v7e-m\libm.a(lib_a-s_scalbn.o)
 .ARM.attributes
                0x000006ff       0x2e d:/imt_sdk_win_64/winarm/armgcc/bin/../lib/gcc/arm-none-eabi/7.2.1/../../../../arm-none-eabi/lib/thumb/v7e-m\libm.a(lib_a-s_copysign.o)
 .ARM.attributes
                0x0000072d       0x1e d:/imt_sdk_win_64/winarm/armgcc/bin/../lib/gcc/arm-none-eabi/7.2.1/thumb/v7e-m\libgcc.a(_arm_addsubdf3.o)
 .ARM.attributes
                0x0000074b       0x1e d:/imt_sdk_win_64/winarm/armgcc/bin/../lib/gcc/arm-none-eabi/7.2.1/thumb/v7e-m\libgcc.a(_arm_muldivdf3.o)
 .ARM.attributes
                0x00000769       0x1e d:/imt_sdk_win_64/winarm/armgcc/bin/../lib/gcc/arm-none-eabi/7.2.1/thumb/v7e-m\libgcc.a(_arm_cmpdf2.o)
 .ARM.attributes
                0x00000787       0x1e d:/imt_sdk_win_64/winarm/armgcc/bin/../lib/gcc/arm-none-eabi/7.2.1/thumb/v7e-m\libgcc.a(_arm_fixdfsi.o)
 .ARM.attributes
                0x000007a5       0x1e d:/imt_sdk_win_64/winarm/armgcc/bin/../lib/gcc/arm-none-eabi/7.2.1/thumb/v7e-m\libgcc.a(_arm_addsubsf3.o)
 .ARM.attributes
                0x000007c3       0x1e d:/imt_sdk_win_64/winarm/armgcc/bin/../lib/gcc/arm-none-eabi/7.2.1/thumb/v7e-m\libgcc.a(_arm_muldivsf3.o)
 .ARM.attributes
                0x000007e1       0x2e d:/imt_sdk_win_64/winarm/armgcc/bin/../lib/gcc/arm-none-eabi/7.2.1/../../../../arm-none-eabi/lib/thumb/v7e-m\libg_nano.a(lib_a-abs.o)
 .ARM.attributes
                0x0000080f       0x2e d:/imt_sdk_win_64/winarm/armgcc/bin/../lib/gcc/arm-none-eabi/7.2.1/../../../../arm-none-eabi/lib/thumb/v7e-m\libg_nano.a(lib_a-errno.o)
 .ARM.attributes
                0x0000083d       0x2e d:/imt_sdk_win_64/winarm/armgcc/bin/../lib/gcc/arm-none-eabi/7.2.1/../../../../arm-none-eabi/lib/thumb/v7e-m\libg_nano.a(lib_a-impure.o)
 .ARM.attributes
                0x0000086b       0x2e d:/imt_sdk_win_64/winarm/armgcc/bin/../lib/gcc/arm-none-eabi/7.2.1/../../../../arm-none-eabi/lib/thumb/v7e-m\libg_nano.a(lib_a-vsnprintf.o)
 .ARM.attributes
                0x00000899       0x2e d:/imt_sdk_win_64/winarm/armgcc/bin/../lib/gcc/arm-none-eabi/7.2.1/../../../../arm-none-eabi/lib/thumb/v7e-m\libg_nano.a(lib_a-nano-svfprintf.o)
 .ARM.attributes
                0x000008c7       0x2e d:/imt_sdk_win_64/winarm/armgcc/bin/../lib/gcc/arm-none-eabi/7.2.1/../../../../arm-none-eabi/lib/thumb/v7e-m\libg_nano.a(lib_a-nano-vfprintf_i.o)
 .ARM.attributes
                0x000008f5       0x1c d:/imt_sdk_win_64/winarm/armgcc/bin/../lib/gcc/arm-none-eabi/7.2.1/../../../../arm-none-eabi/lib/thumb/v7e-m\libg_nano.a(lib_a-memchr.o)
 .ARM.attributes
                0x00000911       0x2e d:/imt_sdk_win_64/winarm/armgcc/bin/../lib/gcc/arm-none-eabi/7.2.1/../../../../arm-none-eabi/lib/thumb/v7e-m\libg_nano.a(lib_a-memcpy-stub.o)
 .ARM.attributes
                0x0000093f       0x2e d:/imt_sdk_win_64/winarm/armgcc/bin/../lib/gcc/arm-none-eabi/7.2.1/../../../../arm-none-eabi/lib/thumb/v7e-m\libg_nano.a(lib_a-memmove.o)
 .ARM.attributes
                0x0000096d       0x2e d:/imt_sdk_win_64/winarm/armgcc/bin/../lib/gcc/arm-none-eabi/7.2.1/../../../../arm-none-eabi/lib/thumb/v7e-m\libg_nano.a(lib_a-nano-freer.o)
 .ARM.attributes
                0x0000099b       0x2e d:/imt_sdk_win_64/winarm/armgcc/bin/../lib/gcc/arm-none-eabi/7.2.1/../../../../arm-none-eabi/lib/thumb/v7e-m\libg_nano.a(lib_a-nano-mallocr.o)
 .ARM.attributes
                0x000009c9       0x2e d:/imt_sdk_win_64/winarm/armgcc/bin/../lib/gcc/arm-none-eabi/7.2.1/../../../../arm-none-eabi/lib/thumb/v7e-m\libg_nano.a(lib_a-nano-reallocr.o)
 .ARM.attributes
                0x000009f7       0x2e d:/imt_sdk_win_64/winarm/armgcc/bin/../lib/gcc/arm-none-eabi/7.2.1/../../../../arm-none-eabi/lib/thumb/v7e-m\libg_nano.a(lib_a-sbrkr.o)
 .ARM.attributes
                0x00000a25       0x2e d:/imt_sdk_win_64/winarm/armgcc/bin/../lib/gcc/arm-none-eabi/7.2.1/../../../../arm-none-eabi/lib/thumb/v7e-m\libg_nano.a(lib_a-mlock.o)
 .ARM.attributes
                0x00000a53       0x2e d:/imt_sdk_win_64/winarm/armgcc/bin/../lib/gcc/arm-none-eabi/7.2.1/../../../../arm-none-eabi/lib/thumb/v7e-m\libg_nano.a(lib_a-nano-msizer.o)

.debug
 *(.debug)

.line
 *(.line)

.debug_srcinfo
 *(.debug_srcinfo)

.debug_sfnames
 *(.debug_sfnames)

.debug_aranges  0x00000000      0x7d8
 *(.debug_aranges)
 .debug_aranges
                0x00000000       0x28 ./system/src/newlib/_exit.o
 .debug_aranges
                0x00000028       0x20 ./system/src/newlib/_sbrk.o
 .debug_aranges
                0x00000048       0x40 ./system/src/newlib/_startup.o
 .debug_aranges
                0x00000088       0x30 ./system/src/newlib/_syscalls.o
 .debug_aranges
                0x000000b8       0x38 ./system/src/diag/Trace.o
 .debug_aranges
                0x000000f0       0x30 ./system/src/diag/trace_impl.o
 .debug_aranges
                0x00000120       0x28 ./system/src/cortexm/_initialize_hardware.o
 .debug_aranges
                0x00000148       0x90 ./system/src/cortexm/exception_handlers.o
 .debug_aranges
                0x000001d8       0x28 ./system/src/cmsis/system_stm32f4xx.o
 .debug_aranges
                0x00000200       0x20 ./system/src/cmsis/vectors_stm32f401xc.o
 .debug_aranges
                0x00000220       0x40 ./src/BTM_program.o
 .debug_aranges
                0x00000260       0x88 ./src/BUZZER_program.o
 .debug_aranges
                0x000002e8       0x90 ./src/EXTI_program.o
 .debug_aranges
                0x00000378       0x80 ./src/GPIO_program.o
 .debug_aranges
                0x000003f8       0x60 ./src/MOTOR_DRIVER_program.o
 .debug_aranges
                0x00000458       0x30 ./src/MRCC_program.o
 .debug_aranges
                0x00000488       0x60 ./src/NVIC_program.o
 .debug_aranges
                0x000004e8       0x50 ./src/OS_program.o
 .debug_aranges
                0x00000538       0x28 ./src/SERVO_program.o
 .debug_aranges
                0x00000560       0x38 ./src/SPI_program.o
 .debug_aranges
                0x00000598       0x80 ./src/ST7735_program.o
 .debug_aranges
                0x00000618       0x50 ./src/STP_program.o
 .debug_aranges
                0x00000668       0x68 ./src/SYSTICK_program.o
 .debug_aranges
                0x000006d0       0x28 ./src/TIM_program.o
 .debug_aranges
                0x000006f8       0x38 ./src/ULTRASONIC_program.o
 .debug_aranges
                0x00000730       0x48 ./src/USART_program.o
 .debug_aranges
                0x00000778       0x60 ./src/main.o

.debug_pubnames
 *(.debug_pubnames)

.debug_info     0x00000000     0xdcbe
 *(.debug_info .gnu.linkonce.wi.*)
 .debug_info    0x00000000      0x956 ./system/src/newlib/_exit.o
 .debug_info    0x00000956      0x942 ./system/src/newlib/_sbrk.o
 .debug_info    0x00001298      0x4bf ./system/src/newlib/_startup.o
 .debug_info    0x00001757      0xa19 ./system/src/newlib/_syscalls.o
 .debug_info    0x00002170      0xb2a ./system/src/diag/Trace.o
 .debug_info    0x00002c9a      0xb6b ./system/src/diag/trace_impl.o
 .debug_info    0x00003805      0xade ./system/src/cortexm/_initialize_hardware.o
 .debug_info    0x000042e3     0x115a ./system/src/cortexm/exception_handlers.o
 .debug_info    0x0000543d      0xcfe ./system/src/cmsis/system_stm32f4xx.o
 .debug_info    0x0000613b       0xca ./system/src/cmsis/vectors_stm32f401xc.o
 .debug_info    0x00006205      0x1bd ./src/BTM_program.o
 .debug_info    0x000063c2      0x945 ./src/BUZZER_program.o
 .debug_info    0x00006d07      0x640 ./src/EXTI_program.o
 .debug_info    0x00007347      0x93c ./src/GPIO_program.o
 .debug_info    0x00007c83      0x9e0 ./src/MOTOR_DRIVER_program.o
 .debug_info    0x00008663      0x2f7 ./src/MRCC_program.o
 .debug_info    0x0000895a      0x45c ./src/NVIC_program.o
 .debug_info    0x00008db6      0x25d ./src/OS_program.o
 .debug_info    0x00009013      0x49c ./src/SERVO_program.o
 .debug_info    0x000094af      0x4e3 ./src/SPI_program.o
 .debug_info    0x00009992     0x1609 ./src/ST7735_program.o
 .debug_info    0x0000af9b      0x6c1 ./src/STP_program.o
 .debug_info    0x0000b65c      0x26e ./src/SYSTICK_program.o
 .debug_info    0x0000b8ca      0x1dc ./src/TIM_program.o
 .debug_info    0x0000baa6      0x57f ./src/ULTRASONIC_program.o
 .debug_info    0x0000c025      0x59f ./src/USART_program.o
 .debug_info    0x0000c5c4     0x16fa ./src/main.o

.debug_abbrev   0x00000000     0x2df5
 *(.debug_abbrev)
 .debug_abbrev  0x00000000      0x1f3 ./system/src/newlib/_exit.o
 .debug_abbrev  0x000001f3      0x1fc ./system/src/newlib/_sbrk.o
 .debug_abbrev  0x000003ef      0x1cb ./system/src/newlib/_startup.o
 .debug_abbrev  0x000005ba      0x234 ./system/src/newlib/_syscalls.o
 .debug_abbrev  0x000007ee      0x276 ./system/src/diag/Trace.o
 .debug_abbrev  0x00000a64      0x2ef ./system/src/diag/trace_impl.o
 .debug_abbrev  0x00000d53      0x1de ./system/src/cortexm/_initialize_hardware.o
 .debug_abbrev  0x00000f31      0x32b ./system/src/cortexm/exception_handlers.o
 .debug_abbrev  0x0000125c      0x216 ./system/src/cmsis/system_stm32f4xx.o
 .debug_abbrev  0x00001472       0x9d ./system/src/cmsis/vectors_stm32f401xc.o
 .debug_abbrev  0x0000150f       0xca ./src/BTM_program.o
 .debug_abbrev  0x000015d9      0x166 ./src/BUZZER_program.o
 .debug_abbrev  0x0000173f      0x17d ./src/EXTI_program.o
 .debug_abbrev  0x000018bc      0x1c3 ./src/GPIO_program.o
 .debug_abbrev  0x00001a7f      0x188 ./src/MOTOR_DRIVER_program.o
 .debug_abbrev  0x00001c07       0xd4 ./src/MRCC_program.o
 .debug_abbrev  0x00001cdb      0x132 ./src/NVIC_program.o
 .debug_abbrev  0x00001e0d      0x143 ./src/OS_program.o
 .debug_abbrev  0x00001f50      0x118 ./src/SERVO_program.o
 .debug_abbrev  0x00002068      0x160 ./src/SPI_program.o
 .debug_abbrev  0x000021c8      0x2f7 ./src/ST7735_program.o
 .debug_abbrev  0x000024bf      0x135 ./src/STP_program.o
 .debug_abbrev  0x000025f4      0x15a ./src/SYSTICK_program.o
 .debug_abbrev  0x0000274e       0xe1 ./src/TIM_program.o
 .debug_abbrev  0x0000282f      0x16f ./src/ULTRASONIC_program.o
 .debug_abbrev  0x0000299e      0x162 ./src/USART_program.o
 .debug_abbrev  0x00002b00      0x2f5 ./src/main.o

.debug_line     0x00000000     0x5e93
 *(.debug_line)
 .debug_line    0x00000000      0x2f7 ./system/src/newlib/_exit.o
 .debug_line    0x000002f7      0x2ab ./system/src/newlib/_sbrk.o
 .debug_line    0x000005a2      0x373 ./system/src/newlib/_startup.o
 .debug_line    0x00000915      0x3ab ./system/src/newlib/_syscalls.o
 .debug_line    0x00000cc0      0x373 ./system/src/diag/Trace.o
 .debug_line    0x00001033      0xa67 ./system/src/diag/trace_impl.o
 .debug_line    0x00001a9a      0x9d0 ./system/src/cortexm/_initialize_hardware.o
 .debug_line    0x0000246a      0xb1e ./system/src/cortexm/exception_handlers.o
 .debug_line    0x00002f88      0x9d6 ./system/src/cmsis/system_stm32f4xx.o
 .debug_line    0x0000395e       0xec ./system/src/cmsis/vectors_stm32f401xc.o
 .debug_line    0x00003a4a      0x114 ./src/BTM_program.o
 .debug_line    0x00003b5e      0x284 ./src/BUZZER_program.o
 .debug_line    0x00003de2      0x270 ./src/EXTI_program.o
 .debug_line    0x00004052      0x2ce ./src/GPIO_program.o
 .debug_line    0x00004320      0x208 ./src/MOTOR_DRIVER_program.o
 .debug_line    0x00004528       0xf6 ./src/MRCC_program.o
 .debug_line    0x0000461e      0x158 ./src/NVIC_program.o
 .debug_line    0x00004776      0x199 ./src/OS_program.o
 .debug_line    0x0000490f      0x174 ./src/SERVO_program.o
 .debug_line    0x00004a83      0x13b ./src/SPI_program.o
 .debug_line    0x00004bbe      0x4a4 ./src/ST7735_program.o
 .debug_line    0x00005062      0x214 ./src/STP_program.o
 .debug_line    0x00005276      0x198 ./src/SYSTICK_program.o
 .debug_line    0x0000540e       0xdc ./src/TIM_program.o
 .debug_line    0x000054ea      0x161 ./src/ULTRASONIC_program.o
 .debug_line    0x0000564b      0x171 ./src/USART_program.o
 .debug_line    0x000057bc      0x6d7 ./src/main.o

.debug_frame    0x00000000     0x1908
 *(.debug_frame)
 .debug_frame   0x00000000       0x38 ./system/src/newlib/_exit.o
 .debug_frame   0x00000038       0x28 ./system/src/newlib/_sbrk.o
 .debug_frame   0x00000060       0x7c ./system/src/newlib/_startup.o
 .debug_frame   0x000000dc       0x50 ./system/src/newlib/_syscalls.o
 .debug_frame   0x0000012c       0x94 ./system/src/diag/Trace.o
 .debug_frame   0x000001c0       0x64 ./system/src/diag/trace_impl.o
 .debug_frame   0x00000224       0x40 ./system/src/cortexm/_initialize_hardware.o
 .debug_frame   0x00000264      0x158 ./system/src/cortexm/exception_handlers.o
 .debug_frame   0x000003bc       0x30 ./system/src/cmsis/system_stm32f4xx.o
 .debug_frame   0x000003ec       0x20 ./system/src/cmsis/vectors_stm32f401xc.o
 .debug_frame   0x0000040c       0x88 ./src/BTM_program.o
 .debug_frame   0x00000494      0x150 ./src/BUZZER_program.o
 .debug_frame   0x000005e4      0x150 ./src/EXTI_program.o
 .debug_frame   0x00000734      0x158 ./src/GPIO_program.o
 .debug_frame   0x0000088c       0xf0 ./src/MOTOR_DRIVER_program.o
 .debug_frame   0x0000097c       0x40 ./src/MRCC_program.o
 .debug_frame   0x000009bc       0xa0 ./src/NVIC_program.o
 .debug_frame   0x00000a5c       0xa8 ./src/OS_program.o
 .debug_frame   0x00000b04       0x44 ./src/SERVO_program.o
 .debug_frame   0x00000b48       0x78 ./src/SPI_program.o
 .debug_frame   0x00000bc0      0x1b0 ./src/ST7735_program.o
 .debug_frame   0x00000d70       0xcc ./src/STP_program.o
 .debug_frame   0x00000e3c       0xcc ./src/SYSTICK_program.o
 .debug_frame   0x00000f08       0x30 ./src/TIM_program.o
 .debug_frame   0x00000f38       0x78 ./src/ULTRASONIC_program.o
 .debug_frame   0x00000fb0       0xac ./src/USART_program.o
 .debug_frame   0x0000105c      0x114 ./src/main.o
 .debug_frame   0x00001170       0x38 d:/imt_sdk_win_64/winarm/armgcc/bin/../lib/gcc/arm-none-eabi/7.2.1/../../../../arm-none-eabi/lib/thumb/v7e-m\libm.a(lib_a-s_cos.o)
 .debug_frame   0x000011a8       0x38 d:/imt_sdk_win_64/winarm/armgcc/bin/../lib/gcc/arm-none-eabi/7.2.1/../../../../arm-none-eabi/lib/thumb/v7e-m\libm.a(lib_a-s_sin.o)
 .debug_frame   0x000011e0       0x48 d:/imt_sdk_win_64/winarm/armgcc/bin/../lib/gcc/arm-none-eabi/7.2.1/../../../../arm-none-eabi/lib/thumb/v7e-m\libm.a(lib_a-e_rem_pio2.o)
 .debug_frame   0x00001228       0x4c d:/imt_sdk_win_64/winarm/armgcc/bin/../lib/gcc/arm-none-eabi/7.2.1/../../../../arm-none-eabi/lib/thumb/v7e-m\libm.a(lib_a-k_cos.o)
 .debug_frame   0x00001274       0x58 d:/imt_sdk_win_64/winarm/armgcc/bin/../lib/gcc/arm-none-eabi/7.2.1/../../../../arm-none-eabi/lib/thumb/v7e-m\libm.a(lib_a-k_rem_pio2.o)
 .debug_frame   0x000012cc       0x48 d:/imt_sdk_win_64/winarm/armgcc/bin/../lib/gcc/arm-none-eabi/7.2.1/../../../../arm-none-eabi/lib/thumb/v7e-m\libm.a(lib_a-k_sin.o)
 .debug_frame   0x00001314       0x20 d:/imt_sdk_win_64/winarm/armgcc/bin/../lib/gcc/arm-none-eabi/7.2.1/../../../../arm-none-eabi/lib/thumb/v7e-m\libm.a(lib_a-s_fabs.o)
 .debug_frame   0x00001334       0x34 d:/imt_sdk_win_64/winarm/armgcc/bin/../lib/gcc/arm-none-eabi/7.2.1/../../../../arm-none-eabi/lib/thumb/v7e-m\libm.a(lib_a-s_floor.o)
 .debug_frame   0x00001368       0x30 d:/imt_sdk_win_64/winarm/armgcc/bin/../lib/gcc/arm-none-eabi/7.2.1/../../../../arm-none-eabi/lib/thumb/v7e-m\libm.a(lib_a-s_scalbn.o)
 .debug_frame   0x00001398       0x20 d:/imt_sdk_win_64/winarm/armgcc/bin/../lib/gcc/arm-none-eabi/7.2.1/../../../../arm-none-eabi/lib/thumb/v7e-m\libm.a(lib_a-s_copysign.o)
 .debug_frame   0x000013b8       0xac d:/imt_sdk_win_64/winarm/armgcc/bin/../lib/gcc/arm-none-eabi/7.2.1/thumb/v7e-m\libgcc.a(_arm_addsubdf3.o)
 .debug_frame   0x00001464       0x50 d:/imt_sdk_win_64/winarm/armgcc/bin/../lib/gcc/arm-none-eabi/7.2.1/thumb/v7e-m\libgcc.a(_arm_muldivdf3.o)
 .debug_frame   0x000014b4       0xc4 d:/imt_sdk_win_64/winarm/armgcc/bin/../lib/gcc/arm-none-eabi/7.2.1/thumb/v7e-m\libgcc.a(_arm_cmpdf2.o)
 .debug_frame   0x00001578       0x24 d:/imt_sdk_win_64/winarm/armgcc/bin/../lib/gcc/arm-none-eabi/7.2.1/thumb/v7e-m\libgcc.a(_arm_fixdfsi.o)
 .debug_frame   0x0000159c       0x4c d:/imt_sdk_win_64/winarm/armgcc/bin/../lib/gcc/arm-none-eabi/7.2.1/thumb/v7e-m\libgcc.a(_arm_addsubsf3.o)
 .debug_frame   0x000015e8       0x38 d:/imt_sdk_win_64/winarm/armgcc/bin/../lib/gcc/arm-none-eabi/7.2.1/thumb/v7e-m\libgcc.a(_arm_muldivsf3.o)
 .debug_frame   0x00001620       0x20 d:/imt_sdk_win_64/winarm/armgcc/bin/../lib/gcc/arm-none-eabi/7.2.1/../../../../arm-none-eabi/lib/thumb/v7e-m\libg_nano.a(lib_a-abs.o)
 .debug_frame   0x00001640       0x20 d:/imt_sdk_win_64/winarm/armgcc/bin/../lib/gcc/arm-none-eabi/7.2.1/../../../../arm-none-eabi/lib/thumb/v7e-m\libg_nano.a(lib_a-errno.o)
 .debug_frame   0x00001660       0x4c d:/imt_sdk_win_64/winarm/armgcc/bin/../lib/gcc/arm-none-eabi/7.2.1/../../../../arm-none-eabi/lib/thumb/v7e-m\libg_nano.a(lib_a-vsnprintf.o)
 .debug_frame   0x000016ac       0x90 d:/imt_sdk_win_64/winarm/armgcc/bin/../lib/gcc/arm-none-eabi/7.2.1/../../../../arm-none-eabi/lib/thumb/v7e-m\libg_nano.a(lib_a-nano-svfprintf.o)
 .debug_frame   0x0000173c       0x60 d:/imt_sdk_win_64/winarm/armgcc/bin/../lib/gcc/arm-none-eabi/7.2.1/../../../../arm-none-eabi/lib/thumb/v7e-m\libg_nano.a(lib_a-nano-vfprintf_i.o)
 .debug_frame   0x0000179c       0x28 d:/imt_sdk_win_64/winarm/armgcc/bin/../lib/gcc/arm-none-eabi/7.2.1/../../../../arm-none-eabi/lib/thumb/v7e-m\libg_nano.a(lib_a-memcpy-stub.o)
 .debug_frame   0x000017c4       0x28 d:/imt_sdk_win_64/winarm/armgcc/bin/../lib/gcc/arm-none-eabi/7.2.1/../../../../arm-none-eabi/lib/thumb/v7e-m\libg_nano.a(lib_a-memmove.o)
 .debug_frame   0x000017ec       0x38 d:/imt_sdk_win_64/winarm/armgcc/bin/../lib/gcc/arm-none-eabi/7.2.1/../../../../arm-none-eabi/lib/thumb/v7e-m\libg_nano.a(lib_a-nano-freer.o)
 .debug_frame   0x00001824       0x2c d:/imt_sdk_win_64/winarm/armgcc/bin/../lib/gcc/arm-none-eabi/7.2.1/../../../../arm-none-eabi/lib/thumb/v7e-m\libg_nano.a(lib_a-nano-mallocr.o)
 .debug_frame   0x00001850       0x3c d:/imt_sdk_win_64/winarm/armgcc/bin/../lib/gcc/arm-none-eabi/7.2.1/../../../../arm-none-eabi/lib/thumb/v7e-m\libg_nano.a(lib_a-nano-reallocr.o)
 .debug_frame   0x0000188c       0x2c d:/imt_sdk_win_64/winarm/armgcc/bin/../lib/gcc/arm-none-eabi/7.2.1/../../../../arm-none-eabi/lib/thumb/v7e-m\libg_nano.a(lib_a-sbrkr.o)
 .debug_frame   0x000018b8       0x30 d:/imt_sdk_win_64/winarm/armgcc/bin/../lib/gcc/arm-none-eabi/7.2.1/../../../../arm-none-eabi/lib/thumb/v7e-m\libg_nano.a(lib_a-mlock.o)
 .debug_frame   0x000018e8       0x20 d:/imt_sdk_win_64/winarm/armgcc/bin/../lib/gcc/arm-none-eabi/7.2.1/../../../../arm-none-eabi/lib/thumb/v7e-m\libg_nano.a(lib_a-nano-msizer.o)

.debug_str      0x00000000    0x7585c
 *(.debug_str)
 .debug_str     0x00000000     0x7d0f ./system/src/newlib/_exit.o
                               0x7ee2 (size before relaxing)
 .debug_str     0x00007d0f      0x4f5 ./system/src/newlib/_sbrk.o
                               0x7294 (size before relaxing)
 .debug_str     0x00008204      0xc23 ./system/src/newlib/_startup.o
                               0x6a35 (size before relaxing)
 .debug_str     0x00008e27      0xe8b ./system/src/newlib/_syscalls.o
                               0x816f (size before relaxing)
 .debug_str     0x00009cb2      0x826 ./system/src/diag/Trace.o
                               0x865a (size before relaxing)
 .debug_str     0x0000a4d8    0x67a2e ./system/src/diag/trace_impl.o
                              0x70980 (size before relaxing)
 .debug_str     0x00071f06       0xc4 ./system/src/cortexm/_initialize_hardware.o
                              0x6f712 (size before relaxing)
 .debug_str     0x00071fca      0x1a6 ./system/src/cortexm/exception_handlers.o
                              0x70b0a (size before relaxing)
 .debug_str     0x00072170      0x164 ./system/src/cmsis/system_stm32f4xx.o
                              0x6f7f3 (size before relaxing)
 .debug_str     0x000722d4       0x59 ./system/src/cmsis/vectors_stm32f401xc.o
                               0x3872 (size before relaxing)
 .debug_str     0x0007232d      0x229 ./src/BTM_program.o
                               0x2fbb (size before relaxing)
 .debug_str     0x00072556      0x38f ./src/BUZZER_program.o
                               0x329c (size before relaxing)
 .debug_str     0x000728e5      0x3ed ./src/EXTI_program.o
                               0x327e (size before relaxing)
 .debug_str     0x00072cd2      0x389 ./src/GPIO_program.o
                               0x33f5 (size before relaxing)
 .debug_str     0x0007305b      0x578 ./src/MOTOR_DRIVER_program.o
                               0x35f6 (size before relaxing)
 .debug_str     0x000735d3      0x433 ./src/MRCC_program.o
                               0x3365 (size before relaxing)
 .debug_str     0x00073a06      0x2a2 ./src/NVIC_program.o
                               0x316f (size before relaxing)
 .debug_str     0x00073ca8      0x248 ./src/OS_program.o
                               0x311f (size before relaxing)
 .debug_str     0x00073ef0       0xb0 ./src/SERVO_program.o
                               0x3571 (size before relaxing)
 .debug_str     0x00073fa0      0x352 ./src/SPI_program.o
                               0x33c8 (size before relaxing)
 .debug_str     0x000742f2      0xb10 ./src/ST7735_program.o
                               0x6f46 (size before relaxing)
 .debug_str     0x00074e02      0x179 ./src/STP_program.o
                               0x367b (size before relaxing)
 .debug_str     0x00074f7b       0xbf ./src/SYSTICK_program.o
                               0x3072 (size before relaxing)
 .debug_str     0x0007503a       0x92 ./src/TIM_program.o
                               0x323b (size before relaxing)
 .debug_str     0x000750cc      0x1cf ./src/ULTRASONIC_program.o
                               0x34a0 (size before relaxing)
 .debug_str     0x0007529b      0x2d5 ./src/USART_program.o
                               0x33c1 (size before relaxing)
 .debug_str     0x00075570      0x2ec ./src/main.o
                               0x75ec (size before relaxing)

.debug_loc      0x00000000     0x2dd7
 *(.debug_loc)
 .debug_loc     0x00000000       0x85 ./system/src/newlib/_sbrk.o
 .debug_loc     0x00000085      0x2cb ./system/src/newlib/_startup.o
 .debug_loc     0x00000350       0x63 ./system/src/newlib/_syscalls.o
 .debug_loc     0x000003b3       0xf6 ./system/src/diag/Trace.o
 .debug_loc     0x000004a9      0x121 ./system/src/diag/trace_impl.o
 .debug_loc     0x000005ca      0x291 ./system/src/cortexm/exception_handlers.o
 .debug_loc     0x0000085b      0x13e ./system/src/cmsis/system_stm32f4xx.o
 .debug_loc     0x00000999       0x4d ./src/BTM_program.o
 .debug_loc     0x000009e6      0x10c ./src/BUZZER_program.o
 .debug_loc     0x00000af2      0x128 ./src/EXTI_program.o
 .debug_loc     0x00000c1a      0x9d0 ./src/GPIO_program.o
 .debug_loc     0x000015ea      0x2fe ./src/MOTOR_DRIVER_program.o
 .debug_loc     0x000018e8      0x1b0 ./src/MRCC_program.o
 .debug_loc     0x00001a98      0x35e ./src/NVIC_program.o
 .debug_loc     0x00001df6       0xf6 ./src/OS_program.o
 .debug_loc     0x00001eec       0x3d ./src/SERVO_program.o
 .debug_loc     0x00001f29       0x73 ./src/SPI_program.o
 .debug_loc     0x00001f9c      0x76e ./src/ST7735_program.o
 .debug_loc     0x0000270a      0x12c ./src/STP_program.o
 .debug_loc     0x00002836       0x72 ./src/SYSTICK_program.o
 .debug_loc     0x000028a8       0x3f ./src/TIM_program.o
 .debug_loc     0x000028e7       0x5a ./src/ULTRASONIC_program.o
 .debug_loc     0x00002941      0x1e5 ./src/USART_program.o
 .debug_loc     0x00002b26      0x2b1 ./src/main.o

.debug_macinfo
 *(.debug_macinfo)

.debug_weaknames
 *(.debug_weaknames)

.debug_funcnames
 *(.debug_funcnames)

.debug_typenames
 *(.debug_typenames)

.debug_varnames
 *(.debug_varnames)
OUTPUT(Grad_Project.elf elf32-littlearm)

.debug_ranges   0x00000000      0x7d8
 .debug_ranges  0x00000000       0x18 ./system/src/newlib/_exit.o
 .debug_ranges  0x00000018       0x10 ./system/src/newlib/_sbrk.o
 .debug_ranges  0x00000028       0x90 ./system/src/newlib/_startup.o
 .debug_ranges  0x000000b8       0x20 ./system/src/newlib/_syscalls.o
 .debug_ranges  0x000000d8       0x28 ./system/src/diag/Trace.o
 .debug_ranges  0x00000100       0x50 ./system/src/diag/trace_impl.o
 .debug_ranges  0x00000150       0x18 ./system/src/cortexm/_initialize_hardware.o
 .debug_ranges  0x00000168       0x80 ./system/src/cortexm/exception_handlers.o
 .debug_ranges  0x000001e8       0x18 ./system/src/cmsis/system_stm32f4xx.o
 .debug_ranges  0x00000200       0x10 ./system/src/cmsis/vectors_stm32f401xc.o
 .debug_ranges  0x00000210       0x30 ./src/BTM_program.o
 .debug_ranges  0x00000240       0x90 ./src/BUZZER_program.o
 .debug_ranges  0x000002d0       0x80 ./src/EXTI_program.o
 .debug_ranges  0x00000350       0xa0 ./src/GPIO_program.o
 .debug_ranges  0x000003f0       0x50 ./src/MOTOR_DRIVER_program.o
 .debug_ranges  0x00000440       0x20 ./src/MRCC_program.o
 .debug_ranges  0x00000460       0x50 ./src/NVIC_program.o
 .debug_ranges  0x000004b0       0x40 ./src/OS_program.o
 .debug_ranges  0x000004f0       0x18 ./src/SERVO_program.o
 .debug_ranges  0x00000508       0x28 ./src/SPI_program.o
 .debug_ranges  0x00000530      0x100 ./src/ST7735_program.o
 .debug_ranges  0x00000630       0x40 ./src/STP_program.o
 .debug_ranges  0x00000670       0x58 ./src/SYSTICK_program.o
 .debug_ranges  0x000006c8       0x18 ./src/TIM_program.o
 .debug_ranges  0x000006e0       0x28 ./src/ULTRASONIC_program.o
 .debug_ranges  0x00000708       0x38 ./src/USART_program.o
 .debug_ranges  0x00000740       0x98 ./src/main.o

.debug_macro    0x00000000     0x432d
 .debug_macro   0x00000000      0x1b4 ./system/src/newlib/_exit.o
 .debug_macro   0x000001b4      0x10e ./system/src/newlib/_exit.o
 .debug_macro   0x000002c2       0x8d ./system/src/newlib/_exit.o
 .debug_macro   0x0000034f       0x35 ./system/src/newlib/_exit.o
 .debug_macro   0x00000384      0x169 ./system/src/newlib/_sbrk.o
 .debug_macro   0x000004ed      0x174 ./system/src/newlib/_sbrk.o
 .debug_macro   0x00000661       0x10 ./system/src/newlib/_sbrk.o
 .debug_macro   0x00000671      0x23b ./system/src/newlib/_sbrk.o
 .debug_macro   0x000008ac      0x173 ./system/src/newlib/_startup.o
 .debug_macro   0x00000a1f      0xa72 ./system/src/newlib/_startup.o
 .debug_macro   0x00001491      0x217 ./system/src/newlib/_syscalls.o
 .debug_macro   0x000016a8       0x1c ./system/src/newlib/_syscalls.o
 .debug_macro   0x000016c4       0x10 ./system/src/newlib/_syscalls.o
 .debug_macro   0x000016d4       0x10 ./system/src/newlib/_syscalls.o
 .debug_macro   0x000016e4       0x10 ./system/src/newlib/_syscalls.o
 .debug_macro   0x000016f4       0x35 ./system/src/newlib/_syscalls.o
 .debug_macro   0x00001729      0x122 ./system/src/newlib/_syscalls.o
 .debug_macro   0x0000184b       0x88 ./system/src/newlib/_syscalls.o
 .debug_macro   0x000018d3       0x2b ./system/src/newlib/_syscalls.o
 .debug_macro   0x000018fe      0x118 ./system/src/newlib/_syscalls.o
 .debug_macro   0x00001a16      0x189 ./system/src/newlib/_syscalls.o
 .debug_macro   0x00001b9f       0x16 ./system/src/newlib/_syscalls.o
 .debug_macro   0x00001bb5      0x1fb ./system/src/diag/Trace.o
 .debug_macro   0x00001db0       0x4c ./system/src/diag/Trace.o
 .debug_macro   0x00001dfc       0x16 ./system/src/diag/Trace.o
 .debug_macro   0x00001e12      0x52a ./system/src/diag/trace_impl.o
 .debug_macro   0x0000233c       0x22 ./system/src/diag/trace_impl.o
 .debug_macro   0x0000235e      0x4ee ./system/src/cortexm/_initialize_hardware.o
 .debug_macro   0x0000284c      0x557 ./system/src/cortexm/exception_handlers.o
 .debug_macro   0x00002da3       0x3b ./system/src/cortexm/exception_handlers.o
 .debug_macro   0x00002dde      0x4ea ./system/src/cmsis/system_stm32f4xx.o
 .debug_macro   0x000032c8       0x34 ./system/src/cmsis/vectors_stm32f401xc.o
 .debug_macro   0x000032fc       0x41 ./src/BTM_program.o
 .debug_macro   0x0000333d       0x34 ./src/BTM_program.o
 .debug_macro   0x00003371       0x10 ./src/BTM_program.o
 .debug_macro   0x00003381       0x4b ./src/BUZZER_program.o
 .debug_macro   0x000033cc       0x16 ./src/BUZZER_program.o
 .debug_macro   0x000033e2       0x41 ./src/EXTI_program.o
 .debug_macro   0x00003423       0x22 ./src/EXTI_program.o
 .debug_macro   0x00003445       0x41 ./src/GPIO_program.o
 .debug_macro   0x00003486       0x52 ./src/GPIO_program.o
 .debug_macro   0x000034d8       0x88 ./src/MOTOR_DRIVER_program.o
 .debug_macro   0x00003560       0x6a ./src/MOTOR_DRIVER_program.o
 .debug_macro   0x000035ca       0x1c ./src/MOTOR_DRIVER_program.o
 .debug_macro   0x000035e6       0x46 ./src/MOTOR_DRIVER_program.o
 .debug_macro   0x0000362c       0x34 ./src/MOTOR_DRIVER_program.o
 .debug_macro   0x00003660       0x3f ./src/MRCC_program.o
 .debug_macro   0x0000369f       0x8e ./src/MRCC_program.o
 .debug_macro   0x0000372d       0x16 ./src/MRCC_program.o
 .debug_macro   0x00003743       0xd0 ./src/MRCC_program.o
 .debug_macro   0x00003813       0x36 ./src/NVIC_program.o
 .debug_macro   0x00003849       0x28 ./src/NVIC_program.o
 .debug_macro   0x00003871       0x10 ./src/NVIC_program.o
 .debug_macro   0x00003881       0x5c ./src/OS_program.o
 .debug_macro   0x000038dd       0x2e ./src/OS_program.o
 .debug_macro   0x0000390b       0x16 ./src/OS_program.o
 .debug_macro   0x00003921       0x1c ./src/OS_program.o
 .debug_macro   0x0000393d       0x16 ./src/OS_program.o
 .debug_macro   0x00003953       0x5d ./src/SERVO_program.o
 .debug_macro   0x000039b0       0x1c ./src/SERVO_program.o
 .debug_macro   0x000039cc       0x4a ./src/SPI_program.o
 .debug_macro   0x00003a16       0x88 ./src/SPI_program.o
 .debug_macro   0x00003a9e       0x4c ./src/SPI_program.o
 .debug_macro   0x00003aea      0x142 ./src/ST7735_program.o
 .debug_macro   0x00003c2c       0x34 ./src/ST7735_program.o
 .debug_macro   0x00003c60       0x3a ./src/ST7735_program.o
 .debug_macro   0x00003c9a      0x1e1 ./src/ST7735_program.o
 .debug_macro   0x00003e7b       0x71 ./src/STP_program.o
 .debug_macro   0x00003eec       0x22 ./src/STP_program.o
 .debug_macro   0x00003f0e       0x40 ./src/SYSTICK_program.o
 .debug_macro   0x00003f4e       0x3f ./src/TIM_program.o
 .debug_macro   0x00003f8d       0x34 ./src/TIM_program.o
 .debug_macro   0x00003fc1       0x22 ./src/TIM_program.o
 .debug_macro   0x00003fe3       0x5c ./src/ULTRASONIC_program.o
 .debug_macro   0x0000403f       0x22 ./src/ULTRASONIC_program.o
 .debug_macro   0x00004061       0x4a ./src/USART_program.o
 .debug_macro   0x000040ab       0x52 ./src/USART_program.o
 .debug_macro   0x000040fd       0x4c ./src/USART_program.o
 .debug_macro   0x00004149      0x1e4 ./src/main.o
